Component: ARM Compiler 5.05 update 1 (build 106) Tool: armlink [4d0efa]

==============================================================================

Section Cross References

    stm32f4xx_hal_rcc_ex.o(i.HAL_RCCEx_PeriphCLKConfig) refers to stm32f4xx_hal.o(i.HAL_GetTick) for HAL_GetTick
    stm32f4xx_hal_rcc_ex.o(i.HAL_RCC_DeInit) refers to stm32f4xx_hal.o(i.HAL_GetTick) for HAL_GetTick
    stm32f4xx_hal_rcc_ex.o(i.HAL_RCC_DeInit) refers to stm32f4xx_hal.o(i.HAL_InitTick) for HAL_InitTick
    stm32f4xx_hal_rcc_ex.o(i.HAL_RCC_DeInit) refers to system_stm32f4xx.o(.data) for SystemCoreClock
    stm32f4xx_hal_tim_ex.o(i.HAL_TIMEx_ConfigCommutationEvent_DMA) refers to stm32f4xx_hal_tim_ex.o(i.TIMEx_DMACommutationCplt) for TIMEx_DMACommutationCplt
    stm32f4xx_hal_tim_ex.o(i.HAL_TIMEx_ConfigCommutationEvent_DMA) refers to stm32f4xx_hal_tim.o(i.TIM_DMAError) for TIM_DMAError
    stm32f4xx_hal_tim_ex.o(i.HAL_TIMEx_HallSensor_DeInit) refers to stm32f4xx_hal_tim_ex.o(i.HAL_TIMEx_HallSensor_MspDeInit) for HAL_TIMEx_HallSensor_MspDeInit
    stm32f4xx_hal_tim_ex.o(i.HAL_TIMEx_HallSensor_Init) refers to stm32f4xx_hal_tim_ex.o(i.HAL_TIMEx_HallSensor_MspInit) for HAL_TIMEx_HallSensor_MspInit
    stm32f4xx_hal_tim_ex.o(i.HAL_TIMEx_HallSensor_Init) refers to stm32f4xx_hal_tim.o(i.TIM_Base_SetConfig) for TIM_Base_SetConfig
    stm32f4xx_hal_tim_ex.o(i.HAL_TIMEx_HallSensor_Init) refers to stm32f4xx_hal_tim.o(i.TIM_TI1_SetConfig) for TIM_TI1_SetConfig
    stm32f4xx_hal_tim_ex.o(i.HAL_TIMEx_HallSensor_Init) refers to stm32f4xx_hal_tim.o(i.TIM_OC2_SetConfig) for TIM_OC2_SetConfig
    stm32f4xx_hal_tim_ex.o(i.HAL_TIMEx_HallSensor_Start) refers to stm32f4xx_hal_tim.o(i.TIM_CCxChannelCmd) for TIM_CCxChannelCmd
    stm32f4xx_hal_tim_ex.o(i.HAL_TIMEx_HallSensor_Start_DMA) refers to stm32f4xx_hal_tim.o(i.TIM_CCxChannelCmd) for TIM_CCxChannelCmd
    stm32f4xx_hal_tim_ex.o(i.HAL_TIMEx_HallSensor_Start_DMA) refers to stm32f4xx_hal_dma.o(i.HAL_DMA_Start_IT) for HAL_DMA_Start_IT
    stm32f4xx_hal_tim_ex.o(i.HAL_TIMEx_HallSensor_Start_DMA) refers to stm32f4xx_hal_tim.o(i.TIM_DMACaptureCplt) for TIM_DMACaptureCplt
    stm32f4xx_hal_tim_ex.o(i.HAL_TIMEx_HallSensor_Start_DMA) refers to stm32f4xx_hal_tim.o(i.TIM_DMAError) for TIM_DMAError
    stm32f4xx_hal_tim_ex.o(i.HAL_TIMEx_HallSensor_Start_IT) refers to stm32f4xx_hal_tim.o(i.TIM_CCxChannelCmd) for TIM_CCxChannelCmd
    stm32f4xx_hal_tim_ex.o(i.HAL_TIMEx_HallSensor_Stop) refers to stm32f4xx_hal_tim.o(i.TIM_CCxChannelCmd) for TIM_CCxChannelCmd
    stm32f4xx_hal_tim_ex.o(i.HAL_TIMEx_HallSensor_Stop_DMA) refers to stm32f4xx_hal_tim.o(i.TIM_CCxChannelCmd) for TIM_CCxChannelCmd
    stm32f4xx_hal_tim_ex.o(i.HAL_TIMEx_HallSensor_Stop_IT) refers to stm32f4xx_hal_tim.o(i.TIM_CCxChannelCmd) for TIM_CCxChannelCmd
    stm32f4xx_hal_tim_ex.o(i.HAL_TIMEx_OCN_Start) refers to stm32f4xx_hal_tim_ex.o(i.TIM_CCxNChannelCmd) for TIM_CCxNChannelCmd
    stm32f4xx_hal_tim_ex.o(i.HAL_TIMEx_OCN_Start_DMA) refers to stm32f4xx_hal_dma.o(i.HAL_DMA_Start_IT) for HAL_DMA_Start_IT
    stm32f4xx_hal_tim_ex.o(i.HAL_TIMEx_OCN_Start_DMA) refers to stm32f4xx_hal_tim_ex.o(i.TIM_CCxNChannelCmd) for TIM_CCxNChannelCmd
    stm32f4xx_hal_tim_ex.o(i.HAL_TIMEx_OCN_Start_DMA) refers to stm32f4xx_hal_tim.o(i.TIM_DMADelayPulseCplt) for TIM_DMADelayPulseCplt
    stm32f4xx_hal_tim_ex.o(i.HAL_TIMEx_OCN_Start_DMA) refers to stm32f4xx_hal_tim.o(i.TIM_DMAError) for TIM_DMAError
    stm32f4xx_hal_tim_ex.o(i.HAL_TIMEx_OCN_Start_IT) refers to stm32f4xx_hal_tim_ex.o(i.TIM_CCxNChannelCmd) for TIM_CCxNChannelCmd
    stm32f4xx_hal_tim_ex.o(i.HAL_TIMEx_OCN_Stop) refers to stm32f4xx_hal_tim_ex.o(i.TIM_CCxNChannelCmd) for TIM_CCxNChannelCmd
    stm32f4xx_hal_tim_ex.o(i.HAL_TIMEx_OCN_Stop_DMA) refers to stm32f4xx_hal_tim_ex.o(i.TIM_CCxNChannelCmd) for TIM_CCxNChannelCmd
    stm32f4xx_hal_tim_ex.o(i.HAL_TIMEx_OCN_Stop_IT) refers to stm32f4xx_hal_tim_ex.o(i.TIM_CCxNChannelCmd) for TIM_CCxNChannelCmd
    stm32f4xx_hal_tim_ex.o(i.HAL_TIMEx_OnePulseN_Start) refers to stm32f4xx_hal_tim_ex.o(i.TIM_CCxNChannelCmd) for TIM_CCxNChannelCmd
    stm32f4xx_hal_tim_ex.o(i.HAL_TIMEx_OnePulseN_Start_IT) refers to stm32f4xx_hal_tim_ex.o(i.TIM_CCxNChannelCmd) for TIM_CCxNChannelCmd
    stm32f4xx_hal_tim_ex.o(i.HAL_TIMEx_OnePulseN_Stop) refers to stm32f4xx_hal_tim_ex.o(i.TIM_CCxNChannelCmd) for TIM_CCxNChannelCmd
    stm32f4xx_hal_tim_ex.o(i.HAL_TIMEx_OnePulseN_Stop_IT) refers to stm32f4xx_hal_tim_ex.o(i.TIM_CCxNChannelCmd) for TIM_CCxNChannelCmd
    stm32f4xx_hal_tim_ex.o(i.HAL_TIMEx_PWMN_Start) refers to stm32f4xx_hal_tim_ex.o(i.TIM_CCxNChannelCmd) for TIM_CCxNChannelCmd
    stm32f4xx_hal_tim_ex.o(i.HAL_TIMEx_PWMN_Start_DMA) refers to stm32f4xx_hal_dma.o(i.HAL_DMA_Start_IT) for HAL_DMA_Start_IT
    stm32f4xx_hal_tim_ex.o(i.HAL_TIMEx_PWMN_Start_DMA) refers to stm32f4xx_hal_tim_ex.o(i.TIM_CCxNChannelCmd) for TIM_CCxNChannelCmd
    stm32f4xx_hal_tim_ex.o(i.HAL_TIMEx_PWMN_Start_DMA) refers to stm32f4xx_hal_tim.o(i.TIM_DMADelayPulseCplt) for TIM_DMADelayPulseCplt
[...]
    ..\Drivers\STM32F4xx_HAL_Driver\Src\stm32f4xx_hal_cortex.c 0x00000000   Number         0  stm32f4xx_hal_cortex.o ABSOLUTE
    ..\Drivers\STM32F4xx_HAL_Driver\Src\stm32f4xx_hal_dma.c 0x00000000   Number         0  stm32f4xx_hal_dma.o ABSOLUTE
    ..\Drivers\STM32F4xx_HAL_Driver\Src\stm32f4xx_hal_dma_ex.c 0x00000000   Number         0  stm32f4xx_hal_dma_ex.o ABSOLUTE
    ..\Drivers\STM32F4xx_HAL_Driver\Src\stm32f4xx_hal_flash.c 0x00000000   Number         0  stm32f4xx_hal_flash.o ABSOLUTE
    ..\Drivers\STM32F4xx_HAL_Driver\Src\stm32f4xx_hal_flash_ex.c 0x00000000   Number         0  stm32f4xx_hal_flash_ex.o ABSOLUTE
    ..\Drivers\STM32F4xx_HAL_Driver\Src\stm32f4xx_hal_flash_ramfunc.c 0x00000000   Number         0  stm32f4xx_hal_flash_ramfunc.o ABSOLUTE
    ..\Drivers\STM32F4xx_HAL_Driver\Src\stm32f4xx_hal_gpio.c 0x00000000   Number         0  stm32f4xx_hal_gpio.o ABSOLUTE
    ..\Drivers\STM32F4xx_HAL_Driver\Src\stm32f4xx_hal_pwr.c 0x00000000   Number         0  stm32f4xx_hal_pwr.o ABSOLUTE
    ..\Drivers\STM32F4xx_HAL_Driver\Src\stm32f4xx_hal_pwr_ex.c 0x00000000   Number         0  stm32f4xx_hal_pwr_ex.o ABSOLUTE
    ..\Drivers\STM32F4xx_HAL_Driver\Src\stm32f4xx_hal_rcc.c 0x00000000   Number         0  stm32f4xx_hal_rcc.o ABSOLUTE
    ..\Drivers\STM32F4xx_HAL_Driver\Src\stm32f4xx_hal_rcc_ex.c 0x00000000   Number         0  stm32f4xx_hal_rcc_ex.o ABSOLUTE
    ..\Drivers\STM32F4xx_HAL_Driver\Src\stm32f4xx_hal_spi.c 0x00000000   Number         0  stm32f4xx_hal_spi.o ABSOLUTE
    ..\Drivers\STM32F4xx_HAL_Driver\Src\stm32f4xx_hal_tim.c 0x00000000   Number         0  stm32f4xx_hal_tim.o ABSOLUTE
    ..\Drivers\STM32F4xx_HAL_Driver\Src\stm32f4xx_hal_tim_ex.c 0x00000000   Number         0  stm32f4xx_hal_tim_ex.o ABSOLUTE
    ..\Drivers\STM32F4xx_HAL_Driver\Src\stm32f4xx_hal_uart.c 0x00000000   Number         0  stm32f4xx_hal_uart.o ABSOLUTE
    ..\Src\can.c                             0x00000000   Number         0  can.o ABSOLUTE
    ..\Src\dma.c                             0x00000000   Number         0  dma.o ABSOLUTE
    ..\Src\gpio.c                            0x00000000   Number         0  gpio.o ABSOLUTE
    ..\Src\main.c                            0x00000000   Number         0  main.o ABSOLUTE
    ..\Src\spi.c                             0x00000000   Number         0  spi.o ABSOLUTE
    ..\Src\stm32f4xx_hal_msp.c               0x00000000   Number         0  stm32f4xx_hal_msp.o ABSOLUTE
    ..\Src\stm32f4xx_it.c                    0x00000000   Number         0  stm32f4xx_it.o ABSOLUTE
    ..\Src\system_stm32f4xx.c                0x00000000   Number         0  system_stm32f4xx.o ABSOLUTE
    ..\Src\tim.c                             0x00000000   Number         0  tim.o ABSOLUTE
    ..\Src\usart.c                           0x00000000   Number         0  usart.o ABSOLUTE
    ..\Tasks\Src\CANTask.c                   0x00000000   Number         0  cantask.o ABSOLUTE
    ..\Tasks\Src\ControlTask.c               0x00000000   Number         0  controltask.o ABSOLUTE
    ..\Tasks\Src\PlateMotor.c                0x00000000   Number         0  platemotor.o ABSOLUTE
    ..\Tasks\Src\RemoteTask.c                0x00000000   Number         0  remotetask.o ABSOLUTE
    ..\Tasks\Src\ShootTask.c                 0x00000000   Number         0  shoottask.o ABSOLUTE
    ..\Tasks\Src\pid_regulator.c             0x00000000   Number         0  pid_regulator.o ABSOLUTE
    ..\\Tasks\\Src\\CANTask.c                0x00000000   Number         0  cantask.o ABSOLUTE
    ..\\Tasks\\Src\\ControlTask.c            0x00000000   Number         0  controltask.o ABSOLUTE
    ..\\Tasks\\Src\\PlateMotor.c             0x00000000   Number         0  platemotor.o ABSOLUTE
    ..\\Tasks\\Src\\RemoteTask.c             0x00000000   Number         0  remotetask.o ABSOLUTE
    ..\\Tasks\\Src\\ShootTask.c              0x00000000   Number         0  shoottask.o ABSOLUTE
    ..\\Tasks\\Src\\pid_regulator.c          0x00000000   Number         0  pid_regulator.o ABSOLUTE
    RmLib\\pid_regulator.c                   0x00000000   Number         0  pid_regulator.o ABSOLUTE
    RmLib\\ramp.c                            0x00000000   Number         0  ramp.o ABSOLUTE
    RmLib\pid_regulator.c                    0x00000000   Number         0  pid_regulator.o ABSOLUTE
    RmLib\ramp.c                             0x00000000   Number         0  ramp.o ABSOLUTE
    dc.s                                     0x00000000   Number         0  dc.o ABSOLUTE
    handlers.s                               0x00000000   Number         0  handlers.o ABSOLUTE
    init.s                                   0x00000000   Number         0  init.o ABSOLUTE
    startup_stm32f427xx.s                    0x00000000   Number         0  startup_stm32f427xx.o ABSOLUTE
    RESET                                    0x08000000   Section      428  startup_stm32f427xx.o(RESET)
    .ARM.Collect$$$$00000000                 0x080001ac   Section        0  entry.o(.ARM.Collect$$$$00000000)
    .ARM.Collect$$$$00000001                 0x080001ac   Section        4  entry2.o(.ARM.Collect$$$$00000001)
    .ARM.Collect$$$$00000004                 0x080001b0   Section        4  entry5.o(.ARM.Collect$$$$00000004)
    .ARM.Collect$$$$00000008                 0x080001b4   Section        0  entry7b.o(.ARM.Collect$$$$00000008)
    .ARM.Collect$$$$0000000A                 0x080001b4   Section        0  entry8b.o(.ARM.Collect$$$$0000000A)
    .ARM.Collect$$$$0000000B                 0x080001b4   Section        8  entry9a.o(.ARM.Collect$$$$0000000B)
    .ARM.Collect$$$$0000000D                 0x080001bc   Section        0  entry10a.o(.ARM.Collect$$$$0000000D)
    .ARM.Collect$$$$0000000F                 0x080001bc   Section        0  entry11a.o(.ARM.Collect$$$$0000000F)
    .ARM.Collect$$$$00002712                 0x080001bc   Section        4  entry2.o(.ARM.Collect$$$$00002712)
    __lit__00000000                          0x080001bc   Data           4  entry2.o(.ARM.Collect$$$$00002712)
    .text                                    0x080001c0   Section       36  startup_stm32f427xx.o(.text)
    $v0                                      0x080001c0   Number         0  startup_stm32f427xx.o(.text)
    .text                                    0x080001e4   Section        0  ramp.o(.text)
    .text                                    0x08000254   Section        0  pid_regulator.o(.text)
    .text                                    0x08000374   Section        0  uldiv.o(.text)
    .text                                    0x080003d6   Section        0  memcpya.o(.text)
    .text                                    0x080003fa   Section        0  dmul.o(.text)
    .text                                    0x080004de   Section        0  dflti.o(.text)
    .text                                    0x08000500   Section        0  d2f.o(.text)
    .text                                    0x08000538   Section        0  llshl.o(.text)
    .text                                    0x08000556   Section        0  llushr.o(.text)
    .text                                    0x08000576   Section        0  iusefp.o(.text)
    .text                                    0x08000576   Section        0  fepilogue.o(.text)
    .text                                    0x080005e4   Section        0  depilogue.o(.text)
    .text                                    0x080006a0   Section       36  init.o(.text)
    .text                                    0x080006c4   Section        0  __dczerorl2.o(.text)
    i.BusFault_Handler                       0x0800071a   Section        0  stm32f4xx_it.o(i.BusFault_Handler)
    i.CAN1_RX0_IRQHandler                    0x0800071c   Section        0  stm32f4xx_it.o(i.CAN1_RX0_IRQHandler)
    i.CAN1_TX_IRQHandler                     0x08000728   Section        0  stm32f4xx_it.o(i.CAN1_TX_IRQHandler)
    i.CAN_Receive_IT                         0x08000734   Section        0  stm32f4xx_hal_can.o(i.CAN_Receive_IT)
    CAN_Receive_IT                           0x08000735   Thumb Code   294  stm32f4xx_hal_can.o(i.CAN_Receive_IT)
    i.CMControlInit                          0x0800085c   Section        0  controltask.o(i.CMControlInit)
    i.ControlPitch                           0x08000868   Section        0  controltask.o(i.ControlPitch)
    i.ControlYaw                             0x08000928   Section        0  controltask.o(i.ControlYaw)
    i.DMA1_Stream1_IRQHandler                0x080009e0   Section        0  stm32f4xx_it.o(i.DMA1_Stream1_IRQHandler)
    i.DMA1_Stream5_IRQHandler                0x080009ec   Section        0  stm32f4xx_it.o(i.DMA1_Stream5_IRQHandler)
    i.DMA2_Stream1_IRQHandler                0x080009f8   Section        0  stm32f4xx_it.o(i.DMA2_Stream1_IRQHandler)
    i.DMA2_Stream2_IRQHandler                0x08000a04   Section        0  stm32f4xx_it.o(i.DMA2_Stream2_IRQHandler)
    i.DMA_CalcBaseAndBitshift                0x08000a10   Section        0  stm32f4xx_hal_dma.o(i.DMA_CalcBaseAndBitshift)
    DMA_CalcBaseAndBitshift                  0x08000a11   Thumb Code    34  stm32f4xx_hal_dma.o(i.DMA_CalcBaseAndBitshift)
    i.DMA_CheckFifoParam                     0x08000a38   Section        0  stm32f4xx_hal_dma.o(i.DMA_CheckFifoParam)
    DMA_CheckFifoParam                       0x08000a39   Thumb Code    84  stm32f4xx_hal_dma.o(i.DMA_CheckFifoParam)
    i.DMA_SetConfig                          0x08000a8c   Section        0  stm32f4xx_hal_dma.o(i.DMA_SetConfig)
    DMA_SetConfig                            0x08000a8d   Thumb Code    40  stm32f4xx_hal_dma.o(i.DMA_SetConfig)
    i.DebugMon_Handler                       0x08000ab4   Section        0  stm32f4xx_it.o(i.DebugMon_Handler)
    i.EXTI0_IRQHandler                       0x08000ab6   Section        0  stm32f4xx_it.o(i.EXTI0_IRQHandler)
    i.GetRemoteSwitchAction                  0x08000abc   Section        0  remotetask.o(i.GetRemoteSwitchAction)
    i.HAL_CAN_ConfigFilter                   0x08000b14   Section        0  stm32f4xx_hal_can.o(i.HAL_CAN_ConfigFilter)
    i.HAL_CAN_ErrorCallback                  0x08000c0c   Section        0  stm32f4xx_hal_can.o(i.HAL_CAN_ErrorCallback)
    i.HAL_CAN_IRQHandler                     0x08000c10   Section        0  stm32f4xx_hal_can.o(i.HAL_CAN_IRQHandler)
    i.HAL_CAN_Init                           0x08000e44   Section        0  stm32f4xx_hal_can.o(i.HAL_CAN_Init)
    i.HAL_CAN_MspInit                        0x08000f8c   Section        0  can.o(i.HAL_CAN_MspInit)
    i.HAL_CAN_Receive_IT                     0x08000ff4   Section        0  stm32f4xx_hal_can.o(i.HAL_CAN_Receive_IT)
    i.HAL_CAN_RxCpltCallback                 0x080010a8   Section        0  cantask.o(i.HAL_CAN_RxCpltCallback)
    i.HAL_CAN_Transmit_IT                    0x08001138   Section        0  stm32f4xx_hal_can.o(i.HAL_CAN_Transmit_IT)
    i.HAL_CAN_TxCpltCallback                 0x0800125c   Section        0  cantask.o(i.HAL_CAN_TxCpltCallback)
    i.HAL_DMA_Abort                          0x08001274   Section        0  stm32f4xx_hal_dma.o(i.HAL_DMA_Abort)
    i.HAL_DMA_Abort_IT                       0x08001302   Section        0  stm32f4xx_hal_dma.o(i.HAL_DMA_Abort_IT)
    i.HAL_DMA_IRQHandler                     0x08001328   Section        0  stm32f4xx_hal_dma.o(i.HAL_DMA_IRQHandler)
    i.HAL_DMA_Init                           0x080014c8   Section        0  stm32f4xx_hal_dma.o(i.HAL_DMA_Init)
    i.HAL_DMA_Start_IT                       0x0800159c   Section        0  stm32f4xx_hal_dma.o(i.HAL_DMA_Start_IT)
    i.HAL_GPIO_EXTI_Callback                 0x08001614   Section        0  controltask.o(i.HAL_GPIO_EXTI_Callback)
    i.HAL_GPIO_EXTI_IRQHandler               0x08001630   Section        0  stm32f4xx_hal_gpio.o(i.HAL_GPIO_EXTI_IRQHandler)
    i.HAL_GPIO_Init                          0x08001648   Section        0  stm32f4xx_hal_gpio.o(i.HAL_GPIO_Init)
    i.HAL_GPIO_WritePin                      0x08001814   Section        0  stm32f4xx_hal_gpio.o(i.HAL_GPIO_WritePin)
    i.HAL_GetTick                            0x08001820   Section        0  stm32f4xx_hal.o(i.HAL_GetTick)
    i.HAL_IncTick                            0x0800182c   Section        0  stm32f4xx_hal.o(i.HAL_IncTick)
    i.HAL_Init                               0x0800183c   Section        0  stm32f4xx_hal.o(i.HAL_Init)
    i.HAL_InitTick                           0x08001870   Section        0  stm32f4xx_hal.o(i.HAL_InitTick)
    i.HAL_MspInit                            0x08001898   Section        0  stm32f4xx_hal_msp.o(i.HAL_MspInit)
    i.HAL_NVIC_DisableIRQ                    0x080018f0   Section        0  stm32f4xx_hal_cortex.o(i.HAL_NVIC_DisableIRQ)
    i.HAL_NVIC_EnableIRQ                     0x08001906   Section        0  stm32f4xx_hal_cortex.o(i.HAL_NVIC_EnableIRQ)
    i.HAL_NVIC_SetPriority                   0x0800191c   Section        0  stm32f4xx_hal_cortex.o(i.HAL_NVIC_SetPriority)
    i.HAL_NVIC_SetPriorityGrouping           0x0800195c   Section        0  stm32f4xx_hal_cortex.o(i.HAL_NVIC_SetPriorityGrouping)
    i.HAL_RCC_ClockConfig                    0x08001980   Section        0  stm32f4xx_hal_rcc.o(i.HAL_RCC_ClockConfig)
    i.HAL_RCC_GetHCLKFreq                    0x08001ab0   Section        0  stm32f4xx_hal_rcc.o(i.HAL_RCC_GetHCLKFreq)
    i.HAL_RCC_GetPCLK1Freq                   0x08001abc   Section        0  stm32f4xx_hal_rcc.o(i.HAL_RCC_GetPCLK1Freq)
    i.HAL_RCC_GetPCLK2Freq                   0x08001adc   Section        0  stm32f4xx_hal_rcc.o(i.HAL_RCC_GetPCLK2Freq)
    i.HAL_RCC_GetSysClockFreq                0x08001afc   Section        0  stm32f4xx_hal_rcc.o(i.HAL_RCC_GetSysClockFreq)
    i.HAL_RCC_OscConfig                      0x08001b60   Section        0  stm32f4xx_hal_rcc.o(i.HAL_RCC_OscConfig)
    i.HAL_SPI_Init                           0x08001e50   Section        0  stm32f4xx_hal_spi.o(i.HAL_SPI_Init)
    i.HAL_SPI_MspInit                        0x08001ed0   Section        0  spi.o(i.HAL_SPI_MspInit)
    i.HAL_SYSTICK_CLKSourceConfig            0x08001f1c   Section        0  stm32f4xx_hal_cortex.o(i.HAL_SYSTICK_CLKSourceConfig)
    i.HAL_SYSTICK_Callback                   0x08001f34   Section        0  stm32f4xx_hal_cortex.o(i.HAL_SYSTICK_Callback)
    i.HAL_SYSTICK_Config                     0x08001f36   Section        0  stm32f4xx_hal_cortex.o(i.HAL_SYSTICK_Config)
    i.HAL_SYSTICK_IRQHandler                 0x08001f5e   Section        0  stm32f4xx_hal_cortex.o(i.HAL_SYSTICK_IRQHandler)
    i.HAL_TIMEx_BreakCallback                0x08001f66   Section        0  stm32f4xx_hal_tim_ex.o(i.HAL_TIMEx_BreakCallback)
    i.HAL_TIMEx_CommutationCallback          0x08001f68   Section        0  stm32f4xx_hal_tim_ex.o(i.HAL_TIMEx_CommutationCallback)
    i.HAL_TIMEx_MasterConfigSynchronization  0x08001f6a   Section        0  stm32f4xx_hal_tim_ex.o(i.HAL_TIMEx_MasterConfigSynchronization)
    i.HAL_TIM_Base_Init                      0x08001fba   Section        0  stm32f4xx_hal_tim.o(i.HAL_TIM_Base_Init)
    i.HAL_TIM_Base_MspInit                   0x08001ff0   Section        0  tim.o(i.HAL_TIM_Base_MspInit)
    i.HAL_TIM_Base_Start_IT                  0x080020b4   Section        0  stm32f4xx_hal_tim.o(i.HAL_TIM_Base_Start_IT)
    i.HAL_TIM_ConfigClockSource              0x080020cc   Section        0  stm32f4xx_hal_tim.o(i.HAL_TIM_ConfigClockSource)
    i.HAL_TIM_Encoder_Init                   0x080021be   Section        0  stm32f4xx_hal_tim.o(i.HAL_TIM_Encoder_Init)
    i.HAL_TIM_Encoder_MspInit                0x08002254   Section        0  stm32f4xx_hal_tim.o(i.HAL_TIM_Encoder_MspInit)
    i.HAL_TIM_Encoder_Start                  0x08002258   Section        0  stm32f4xx_hal_tim.o(i.HAL_TIM_Encoder_Start)
    i.HAL_TIM_IC_CaptureCallback             0x0800228c   Section        0  stm32f4xx_hal_tim.o(i.HAL_TIM_IC_CaptureCallback)
    i.HAL_TIM_IRQHandler                     0x0800228e   Section        0  stm32f4xx_hal_tim.o(i.HAL_TIM_IRQHandler)
    i.HAL_TIM_MspPostInit                    0x080023f4   Section        0  tim.o(i.HAL_TIM_MspPostInit)
    i.HAL_TIM_OC_DelayElapsedCallback        0x0800248c   Section        0  stm32f4xx_hal_tim.o(i.HAL_TIM_OC_DelayElapsedCallback)
    i.HAL_TIM_PWM_ConfigChannel              0x0800248e   Section        0  stm32f4xx_hal_tim.o(i.HAL_TIM_PWM_ConfigChannel)
    i.HAL_TIM_PWM_Init                       0x0800255e   Section        0  stm32f4xx_hal_tim.o(i.HAL_TIM_PWM_Init)
    i.HAL_TIM_PWM_MspInit                    0x08002594   Section        0  tim.o(i.HAL_TIM_PWM_MspInit)
    i.HAL_TIM_PWM_PulseFinishedCallback      0x080025dc   Section        0  stm32f4xx_hal_tim.o(i.HAL_TIM_PWM_PulseFinishedCallback)
    i.HAL_TIM_PWM_Start                      0x080025e0   Section        0  stm32f4xx_hal_tim.o(i.HAL_TIM_PWM_Start)
    i.HAL_TIM_PeriodElapsedCallback          0x08002618   Section        0  controltask.o(i.HAL_TIM_PeriodElapsedCallback)
    i.HAL_TIM_TriggerCallback                0x080026c0   Section        0  stm32f4xx_hal_tim.o(i.HAL_TIM_TriggerCallback)
    i.HAL_UART_AbortReceive                  0x080026c2   Section        0  stm32f4xx_hal_uart.o(i.HAL_UART_AbortReceive)
    i.HAL_UART_ErrorCallback                 0x08002706   Section        0  stm32f4xx_hal_uart.o(i.HAL_UART_ErrorCallback)
    i.HAL_UART_IRQHandler                    0x08002708   Section        0  stm32f4xx_hal_uart.o(i.HAL_UART_IRQHandler)
    i.HAL_UART_Init                          0x08002818   Section        0  stm32f4xx_hal_uart.o(i.HAL_UART_Init)
    i.HAL_UART_MspInit                       0x0800287c   Section        0  usart.o(i.HAL_UART_MspInit)
    i.HAL_UART_Receive_DMA                   0x08002afc   Section        0  stm32f4xx_hal_uart.o(i.HAL_UART_Receive_DMA)
    i.HAL_UART_RxCpltCallback                0x08002b94   Section        0  remotetask.o(i.HAL_UART_RxCpltCallback)
    i.HAL_UART_RxHalfCpltCallback            0x08002bac   Section        0  stm32f4xx_hal_uart.o(i.HAL_UART_RxHalfCpltCallback)
    i.HAL_UART_TxCpltCallback                0x08002bae   Section        0  stm32f4xx_hal_uart.o(i.HAL_UART_TxCpltCallback)
    i.HardFault_Handler                      0x08002bb0   Section        0  stm32f4xx_it.o(i.HardFault_Handler)
    i.InitCanReception                       0x08002bb4   Section        0  cantask.o(i.InitCanReception)
    i.InitRemoteControl                      0x08002c20   Section        0  remotetask.o(i.InitRemoteControl)
    i.InitUserTimer                          0x08002c64   Section        0  shoottask.o(i.InitUserTimer)
    i.MX_CAN1_Init                           0x08002c80   Section        0  can.o(i.MX_CAN1_Init)
    i.MX_DMA_Init                            0x08002cd8   Section        0  dma.o(i.MX_DMA_Init)
    i.MX_GPIO_Init                           0x08002d44   Section        0  gpio.o(i.MX_GPIO_Init)
    i.MX_SPI5_Init                           0x08002e78   Section        0  spi.o(i.MX_SPI5_Init)
    i.MX_TIM10_Init                          0x08002ed4   Section        0  tim.o(i.MX_TIM10_Init)
    i.MX_TIM12_Init                          0x08002f1c   Section        0  tim.o(i.MX_TIM12_Init)
    i.MX_TIM4_Init                           0x08002fc8   Section        0  tim.o(i.MX_TIM4_Init)
    i.MX_TIM5_Init                           0x080030ac   Section        0  tim.o(i.MX_TIM5_Init)
    i.MX_TIM6_Init                           0x08003154   Section        0  tim.o(i.MX_TIM6_Init)
    i.MX_TIM7_Init                           0x080031ac   Section        0  tim.o(i.MX_TIM7_Init)
    i.MX_USART1_UART_Init                    0x08003204   Section        0  usart.o(i.MX_USART1_UART_Init)
    i.MX_USART2_UART_Init                    0x0800325c   Section        0  usart.o(i.MX_USART2_UART_Init)
    i.MX_USART3_UART_Init                    0x080032a8   Section        0  usart.o(i.MX_USART3_UART_Init)
    i.MX_USART6_UART_Init                    0x080032f4   Section        0  usart.o(i.MX_USART6_UART_Init)
    i.MemManage_Handler                      0x08003340   Section        0  stm32f4xx_it.o(i.MemManage_Handler)
    i.MouseKeyControlProcess                 0x08003344   Section        0  remotetask.o(i.MouseKeyControlProcess)
    i.MouseShootControl                      0x080034a8   Section        0  shoottask.o(i.MouseShootControl)
    i.NMI_Handler                            0x080035a8   Section        0  stm32f4xx_it.o(i.NMI_Handler)
    i.NVIC_SetPriority                       0x080035aa   Section        0  stm32f4xx_hal_cortex.o(i.NVIC_SetPriority)
    NVIC_SetPriority                         0x080035ab   Thumb Code    32  stm32f4xx_hal_cortex.o(i.NVIC_SetPriority)
    i.PID_PROCESS_Double                     0x080035ca   Section        0  pid_regulator.o(i.PID_PROCESS_Double)
    i.PendSV_Handler                         0x08003612   Section        0  stm32f4xx_it.o(i.PendSV_Handler)
    i.ProcessPitchPID                        0x08003614   Section        0  pid_regulator.o(i.ProcessPitchPID)
    i.ProcessYawPID                          0x08003664   Section        0  pid_regulator.o(i.ProcessYawPID)
    i.RemoteControlProcess                   0x080036b4   Section        0  remotetask.o(i.RemoteControlProcess)
    i.RemoteDataProcess                      0x0800376c   Section        0  remotetask.o(i.RemoteDataProcess)
    i.RemoteShootControl                     0x0800383c   Section        0  shoottask.o(i.RemoteShootControl)
    i.RemoteTaskInit                         0x08003910   Section        0  remotetask.o(i.RemoteTaskInit)
    i.SVC_Handler                            0x0800397c   Section        0  stm32f4xx_it.o(i.SVC_Handler)
    i.SetFrictionWheelSpeed                  0x08003980   Section        0  shoottask.o(i.SetFrictionWheelSpeed)
    i.SysTick_Handler                        0x08003990   Section        0  stm32f4xx_it.o(i.SysTick_Handler)
    i.SystemClock_Config                     0x080039a0   Section        0  main.o(i.SystemClock_Config)
    i.SystemInit                             0x08003a40   Section        0  system_stm32f4xx.o(i.SystemInit)
    i.TIM1_UP_TIM10_IRQHandler               0x08003a94   Section        0  stm32f4xx_it.o(i.TIM1_UP_TIM10_IRQHandler)
    i.TIM6_DAC_IRQHandler                    0x08003aa0   Section        0  stm32f4xx_it.o(i.TIM6_DAC_IRQHandler)
    i.TIM7_IRQHandler                        0x08003aac   Section        0  stm32f4xx_it.o(i.TIM7_IRQHandler)
    i.TIM_Base_SetConfig                     0x08003ab8   Section        0  stm32f4xx_hal_tim.o(i.TIM_Base_SetConfig)
    i.TIM_CCxChannelCmd                      0x08003b78   Section        0  stm32f4xx_hal_tim.o(i.TIM_CCxChannelCmd)
    i.TIM_ETR_SetConfig                      0x08003b8e   Section        0  stm32f4xx_hal_tim.o(i.TIM_ETR_SetConfig)
    TIM_ETR_SetConfig                        0x08003b8f   Thumb Code    20  stm32f4xx_hal_tim.o(i.TIM_ETR_SetConfig)
    i.TIM_ITRx_SetConfig                     0x08003ba2   Section        0  stm32f4xx_hal_tim.o(i.TIM_ITRx_SetConfig)
    TIM_ITRx_SetConfig                       0x08003ba3   Thumb Code    16  stm32f4xx_hal_tim.o(i.TIM_ITRx_SetConfig)
    i.TIM_OC1_SetConfig                      0x08003bb4   Section        0  stm32f4xx_hal_tim.o(i.TIM_OC1_SetConfig)
    TIM_OC1_SetConfig                        0x08003bb5   Thumb Code    80  stm32f4xx_hal_tim.o(i.TIM_OC1_SetConfig)
    i.TIM_OC2_SetConfig                      0x08003c0c   Section        0  stm32f4xx_hal_tim.o(i.TIM_OC2_SetConfig)
    i.TIM_OC3_SetConfig                      0x08003c70   Section        0  stm32f4xx_hal_tim.o(i.TIM_OC3_SetConfig)
    TIM_OC3_SetConfig                        0x08003c71   Thumb Code    88  stm32f4xx_hal_tim.o(i.TIM_OC3_SetConfig)
    i.TIM_OC4_SetConfig                      0x08003cd0   Section        0  stm32f4xx_hal_tim.o(i.TIM_OC4_SetConfig)
    TIM_OC4_SetConfig                        0x08003cd1   Thumb Code    70  stm32f4xx_hal_tim.o(i.TIM_OC4_SetConfig)
    i.TIM_TI1_ConfigInputStage               0x08003d20   Section        0  stm32f4xx_hal_tim.o(i.TIM_TI1_ConfigInputStage)
    TIM_TI1_ConfigInputStage                 0x08003d21   Thumb Code    34  stm32f4xx_hal_tim.o(i.TIM_TI1_ConfigInputStage)
    i.TIM_TI2_ConfigInputStage               0x08003d42   Section        0  stm32f4xx_hal_tim.o(i.TIM_TI2_ConfigInputStage)
    TIM_TI2_ConfigInputStage                 0x08003d43   Thumb Code    36  stm32f4xx_hal_tim.o(i.TIM_TI2_ConfigInputStage)
    i.UART_DMAAbortOnError                   0x08003d66   Section        0  stm32f4xx_hal_uart.o(i.UART_DMAAbortOnError)
    UART_DMAAbortOnError                     0x08003d67   Thumb Code    16  stm32f4xx_hal_uart.o(i.UART_DMAAbortOnError)
    i.UART_DMAError                          0x08003d76   Section        0  stm32f4xx_hal_uart.o(i.UART_DMAError)
    UART_DMAError                            0x08003d77   Thumb Code    74  stm32f4xx_hal_uart.o(i.UART_DMAError)
    i.UART_DMAReceiveCplt                    0x08003dc0   Section        0  stm32f4xx_hal_uart.o(i.UART_DMAReceiveCplt)
    UART_DMAReceiveCplt                      0x08003dc1   Thumb Code    60  stm32f4xx_hal_uart.o(i.UART_DMAReceiveCplt)
    i.UART_DMARxHalfCplt                     0x08003dfc   Section        0  stm32f4xx_hal_uart.o(i.UART_DMARxHalfCplt)
    UART_DMARxHalfCplt                       0x08003dfd   Thumb Code    10  stm32f4xx_hal_uart.o(i.UART_DMARxHalfCplt)
    i.UART_EndRxTransfer                     0x08003e06   Section        0  stm32f4xx_hal_uart.o(i.UART_EndRxTransfer)
    UART_EndRxTransfer                       0x08003e07   Thumb Code    28  stm32f4xx_hal_uart.o(i.UART_EndRxTransfer)
    i.UART_EndTxTransfer                     0x08003e22   Section        0  stm32f4xx_hal_uart.o(i.UART_EndTxTransfer)
    UART_EndTxTransfer                       0x08003e23   Thumb Code    18  stm32f4xx_hal_uart.o(i.UART_EndTxTransfer)
    i.UART_Receive_IT                        0x08003e34   Section        0  stm32f4xx_hal_uart.o(i.UART_Receive_IT)
    UART_Receive_IT                          0x08003e35   Thumb Code   140  stm32f4xx_hal_uart.o(i.UART_Receive_IT)
    i.UART_SetConfig                         0x08003ec0   Section        0  stm32f4xx_hal_uart.o(i.UART_SetConfig)
    UART_SetConfig                           0x08003ec1   Thumb Code   676  stm32f4xx_hal_uart.o(i.UART_SetConfig)
    i.UART_Transmit_IT                       0x0800416c   Section        0  stm32f4xx_hal_uart.o(i.UART_Transmit_IT)
    UART_Transmit_IT                         0x0800416d   Thumb Code    98  stm32f4xx_hal_uart.o(i.UART_Transmit_IT)
    i.USART1_IRQHandler                      0x080041d0   Section        0  stm32f4xx_it.o(i.USART1_IRQHandler)
    i.USART2_IRQHandler                      0x080041dc   Section        0  stm32f4xx_it.o(i.USART2_IRQHandler)
    i.USART3_IRQHandler                      0x080041e8   Section        0  stm32f4xx_it.o(i.USART3_IRQHandler)
    i.USART6_IRQHandler                      0x080041f4   Section        0  stm32f4xx_it.o(i.USART6_IRQHandler)
    i.UsageFault_Handler                     0x08004200   Section        0  stm32f4xx_it.o(i.UsageFault_Handler)
    i.WorkStateFSM                           0x08004204   Section        0  controltask.o(i.WorkStateFSM)
    i._Error_Handler                         0x0800425c   Section        0  main.o(i._Error_Handler)
    i.__scatterload_copy                     0x0800425e   Section       14  handlers.o(i.__scatterload_copy)
    i.__scatterload_null                     0x0800426c   Section        2  handlers.o(i.__scatterload_null)
    i.__scatterload_zeroinit                 0x0800426e   Section       14  handlers.o(i.__scatterload_zeroinit)
    i.controlLoop                            0x0800427c   Section        0  controltask.o(i.controlLoop)
    i.fw_PID_Calc                            0x080042a4   Section        0  pid_regulator.o(i.fw_PID_Calc)
    i.fw_PID_Reset                           0x080043c8   Section        0  pid_regulator.o(i.fw_PID_Reset)
    i.main                                   0x080043cc   Section        0  main.o(i.main)
    i.plateMotorInit                         0x080044a4   Section        0  platemotor.o(i.plateMotorInit)
    i.setCMMotor                             0x080044d4   Section        0  controltask.o(i.setCMMotor)
    i.setGMMotor                             0x0800458c   Section        0  controltask.o(i.setGMMotor)
    i.setPlateMotorDir                       0x08004660   Section        0  platemotor.o(i.setPlateMotorDir)
    .constdata                               0x080046a4   Section        8  stm32f4xx_hal_dma.o(.constdata)
    flagBitshiftOffset                       0x080046a4   Data           8  stm32f4xx_hal_dma.o(.constdata)
    .constdata                               0x080046ac   Section       16  system_stm32f4xx.o(.constdata)
    .constdata                               0x080046bc   Section        8  system_stm32f4xx.o(.constdata)
    .data                                    0x20000000   Section        4  stm32f4xx_hal.o(.data)
    .data                                    0x20000004   Section       18  cantask.o(.data)
    .data                                    0x20000016   Section        1  cantask.o(.data)
    .data                                    0x20000018   Section      108  controltask.o(.data)
    last_angel                               0x2000002c   Data           4  controltask.o(.data)
    last_angel                               0x20000030   Data           4  controltask.o(.data)
    .data                                    0x20000084   Section       76  controltask.o(.data)
    .data                                    0x200000d0   Section       76  controltask.o(.data)
    .data                                    0x2000011c   Section       76  controltask.o(.data)
    .data                                    0x20000168   Section       76  controltask.o(.data)
    .data                                    0x200001b4   Section       30  remotetask.o(.data)
    forward_back_speed                       0x200001b6   Data           2  remotetask.o(.data)
    left_right_speed                         0x200001b8   Data           2  remotetask.o(.data)
    switch_cnt                               0x200001c8   Data           4  remotetask.o(.data)
    .data                                    0x200001d2   Section        1  remotetask.o(.data)
    .data                                    0x200001d3   Section        1  remotetask.o(.data)
    .data                                    0x200001d4   Section       52  shoottask.o(.data)
    CNT_1s                                   0x200001d6   Data           2  shoottask.o(.data)
    CNT_250ms                                0x200001d8   Data           2  shoottask.o(.data)
    closeDelayCount                          0x200001dc   Data           2  shoottask.o(.data)
    RotateCNT                                0x200001e0   Data           4  shoottask.o(.data)
    .data                                    0x20000208   Section       36  shoottask.o(.data)
    .data                                    0x2000022c   Section       36  shoottask.o(.data)
    .data                                    0x20000250   Section      112  platemotor.o(.data)
    s_count_bullet                           0x20000254   Data           4  platemotor.o(.data)
    s_count_1s                               0x20000268   Data           4  platemotor.o(.data)
    s_stuck_cnt                              0x2000026c   Data           4  platemotor.o(.data)
    .data                                    0x200002c0   Section        4  system_stm32f4xx.o(.data)
    .bss                                     0x200002c4   Section       36  cantask.o(.bss)
    .bss                                     0x200002e8   Section       63  remotetask.o(.bss)
    .bss                                     0x20000328   Section      640  usart.o(.bss)
    .bss                                     0x200005a8   Section      360  tim.o(.bss)
    .bss                                     0x20000710   Section       68  can.o(.bss)
    .bss                                     0x20000754   Section       88  spi.o(.bss)
    STACK                                    0x200007b0   Section     1024  startup_stm32f427xx.o(STACK)

    Global Symbols

    Symbol Name                              Value     Ov Type        Size  Object(Section)

    BuildAttributes$$THM_ISAv4$E$P$D$K$B$S$7EM$VFPi3$EXTD16$VFPS$VFMA$PE$A:L22UL41UL21$X:L11$S22US41US21$IEEE1$IW$USESV6$~STKCKD$USESV7$~SHL$OTIME$ROPI$EBA8$MICROLIB$REQ8$PRES8$EABIv2 0x00000000   Number         0  anon$$obj.o ABSOLUTE
    __ARM_use_no_argv                        0x00000000   Number         0  main.o ABSOLUTE
    __cpp_initialize__aeabi_                  - Undefined Weak Reference
    __cxa_finalize                            - Undefined Weak Reference
    _clock_init                               - Undefined Weak Reference
    _microlib_exit                            - Undefined Weak Reference
    __Vectors_Size                           0x000001ac   Number         0  startup_stm32f427xx.o ABSOLUTE
    __Vectors                                0x08000000   Data           4  startup_stm32f427xx.o(RESET)
    __Vectors_End                            0x080001ac   Data           0  startup_stm32f427xx.o(RESET)
    __main                                   0x080001ad   Thumb Code     0  entry.o(.ARM.Collect$$$$00000000)
    _main_stk                                0x080001ad   Thumb Code     0  entry2.o(.ARM.Collect$$$$00000001)
    _main_scatterload                        0x080001b1   Thumb Code     0  entry5.o(.ARM.Collect$$$$00000004)
    __main_after_scatterload                 0x080001b5   Thumb Code     0  entry5.o(.ARM.Collect$$$$00000004)
    _main_clock                              0x080001b5   Thumb Code     0  entry7b.o(.ARM.Collect$$$$00000008)
    _main_cpp_init                           0x080001b5   Thumb Code     0  entry8b.o(.ARM.Collect$$$$0000000A)
    _main_init                               0x080001b5   Thumb Code     0  entry9a.o(.ARM.Collect$$$$0000000B)
    __rt_final_cpp                           0x080001bd   Thumb Code     0  entry10a.o(.ARM.Collect$$$$0000000D)
    __rt_final_exit                          0x080001bd   Thumb Code     0  entry11a.o(.ARM.Collect$$$$0000000F)
    Reset_Handler                            0x080001c1   Thumb Code     8  startup_stm32f427xx.o(.text)
    ADC_IRQHandler                           0x080001db   Thumb Code     0  startup_stm32f427xx.o(.text)
    CAN1_RX1_IRQHandler                      0x080001db   Thumb Code     0  startup_stm32f427xx.o(.text)
    CAN1_SCE_IRQHandler                      0x080001db   Thumb Code     0  startup_stm32f427xx.o(.text)
    CAN2_RX0_IRQHandler                      0x080001db   Thumb Code     0  startup_stm32f427xx.o(.text)
    CAN2_RX1_IRQHandler                      0x080001db   Thumb Code     0  startup_stm32f427xx.o(.text)
    CAN2_SCE_IRQHandler                      0x080001db   Thumb Code     0  startup_stm32f427xx.o(.text)
    CAN2_TX_IRQHandler                       0x080001db   Thumb Code     0  startup_stm32f427xx.o(.text)
    DCMI_IRQHandler                          0x080001db   Thumb Code     0  startup_stm32f427xx.o(.text)
    DMA1_Stream0_IRQHandler                  0x080001db   Thumb Code     0  startup_stm32f427xx.o(.text)
    DMA1_Stream2_IRQHandler                  0x080001db   Thumb Code     0  startup_stm32f427xx.o(.text)
    DMA1_Stream3_IRQHandler                  0x080001db   Thumb Code     0  startup_stm32f427xx.o(.text)
    DMA1_Stream4_IRQHandler                  0x080001db   Thumb Code     0  startup_stm32f427xx.o(.text)
    DMA1_Stream6_IRQHandler                  0x080001db   Thumb Code     0  startup_stm32f427xx.o(.text)
    DMA1_Stream7_IRQHandler                  0x080001db   Thumb Code     0  startup_stm32f427xx.o(.text)
    DMA2D_IRQHandler                         0x080001db   Thumb Code     0  startup_stm32f427xx.o(.text)
    DMA2_Stream0_IRQHandler                  0x080001db   Thumb Code     0  startup_stm32f427xx.o(.text)
    DMA2_Stream3_IRQHandler                  0x080001db   Thumb Code     0  startup_stm32f427xx.o(.text)
    DMA2_Stream4_IRQHandler                  0x080001db   Thumb Code     0  startup_stm32f427xx.o(.text)
    DMA2_Stream5_IRQHandler                  0x080001db   Thumb Code     0  startup_stm32f427xx.o(.text)
    DMA2_Stream6_IRQHandler                  0x080001db   Thumb Code     0  startup_stm32f427xx.o(.text)
    DMA2_Stream7_IRQHandler                  0x080001db   Thumb Code     0  startup_stm32f427xx.o(.text)
    ETH_IRQHandler                           0x080001db   Thumb Code     0  startup_stm32f427xx.o(.text)
    ETH_WKUP_IRQHandler                      0x080001db   Thumb Code     0  startup_stm32f427xx.o(.text)
    EXTI15_10_IRQHandler                     0x080001db   Thumb Code     0  startup_stm32f427xx.o(.text)
    EXTI1_IRQHandler                         0x080001db   Thumb Code     0  startup_stm32f427xx.o(.text)
    EXTI2_IRQHandler                         0x080001db   Thumb Code     0  startup_stm32f427xx.o(.text)
    EXTI3_IRQHandler                         0x080001db   Thumb Code     0  startup_stm32f427xx.o(.text)
    EXTI4_IRQHandler                         0x080001db   Thumb Code     0  startup_stm32f427xx.o(.text)
    EXTI9_5_IRQHandler                       0x080001db   Thumb Code     0  startup_stm32f427xx.o(.text)
    FLASH_IRQHandler                         0x080001db   Thumb Code     0  startup_stm32f427xx.o(.text)
    FMC_IRQHandler                           0x080001db   Thumb Code     0  startup_stm32f427xx.o(.text)
    FPU_IRQHandler                           0x080001db   Thumb Code     0  startup_stm32f427xx.o(.text)
    HASH_RNG_IRQHandler                      0x080001db   Thumb Code     0  startup_stm32f427xx.o(.text)
    I2C1_ER_IRQHandler                       0x080001db   Thumb Code     0  startup_stm32f427xx.o(.text)
    I2C1_EV_IRQHandler                       0x080001db   Thumb Code     0  startup_stm32f427xx.o(.text)
    I2C2_ER_IRQHandler                       0x080001db   Thumb Code     0  startup_stm32f427xx.o(.text)
    I2C2_EV_IRQHandler                       0x080001db   Thumb Code     0  startup_stm32f427xx.o(.text)
    I2C3_ER_IRQHandler                       0x080001db   Thumb Code     0  startup_stm32f427xx.o(.text)
    I2C3_EV_IRQHandler                       0x080001db   Thumb Code     0  startup_stm32f427xx.o(.text)
    OTG_FS_IRQHandler                        0x080001db   Thumb Code     0  startup_stm32f427xx.o(.text)
    OTG_FS_WKUP_IRQHandler                   0x080001db   Thumb Code     0  startup_stm32f427xx.o(.text)
    OTG_HS_EP1_IN_IRQHandler                 0x080001db   Thumb Code     0  startup_stm32f427xx.o(.text)
    OTG_HS_EP1_OUT_IRQHandler                0x080001db   Thumb Code     0  startup_stm32f427xx.o(.text)
    OTG_HS_IRQHandler                        0x080001db   Thumb Code     0  startup_stm32f427xx.o(.text)
    OTG_HS_WKUP_IRQHandler                   0x080001db   Thumb Code     0  startup_stm32f427xx.o(.text)
    PVD_IRQHandler                           0x080001db   Thumb Code     0  startup_stm32f427xx.o(.text)
    RCC_IRQHandler                           0x080001db   Thumb Code     0  startup_stm32f427xx.o(.text)
    RTC_Alarm_IRQHandler                     0x080001db   Thumb Code     0  startup_stm32f427xx.o(.text)
    RTC_WKUP_IRQHandler                      0x080001db   Thumb Code     0  startup_stm32f427xx.o(.text)
    SAI1_IRQHandler                          0x080001db   Thumb Code     0  startup_stm32f427xx.o(.text)
    SDIO_IRQHandler                          0x080001db   Thumb Code     0  startup_stm32f427xx.o(.text)
    SPI1_IRQHandler                          0x080001db   Thumb Code     0  startup_stm32f427xx.o(.text)
    SPI2_IRQHandler                          0x080001db   Thumb Code     0  startup_stm32f427xx.o(.text)
    SPI3_IRQHandler                          0x080001db   Thumb Code     0  startup_stm32f427xx.o(.text)
    SPI4_IRQHandler                          0x080001db   Thumb Code     0  startup_stm32f427xx.o(.text)
    SPI5_IRQHandler                          0x080001db   Thumb Code     0  startup_stm32f427xx.o(.text)
    SPI6_IRQHandler                          0x080001db   Thumb Code     0  startup_stm32f427xx.o(.text)
    TAMP_STAMP_IRQHandler                    0x080001db   Thumb Code     0  startup_stm32f427xx.o(.text)
    TIM1_BRK_TIM9_IRQHandler                 0x080001db   Thumb Code     0  startup_stm32f427xx.o(.text)
    TIM1_CC_IRQHandler                       0x080001db   Thumb Code     0  startup_stm32f427xx.o(.text)
    TIM1_TRG_COM_TIM11_IRQHandler            0x080001db   Thumb Code     0  startup_stm32f427xx.o(.text)
    TIM2_IRQHandler                          0x080001db   Thumb Code     0  startup_stm32f427xx.o(.text)
    TIM3_IRQHandler                          0x080001db   Thumb Code     0  startup_stm32f427xx.o(.text)
    TIM4_IRQHandler                          0x080001db   Thumb Code     0  startup_stm32f427xx.o(.text)
    TIM5_IRQHandler                          0x080001db   Thumb Code     0  startup_stm32f427xx.o(.text)
    TIM8_BRK_TIM12_IRQHandler                0x080001db   Thumb Code     0  startup_stm32f427xx.o(.text)
    TIM8_CC_IRQHandler                       0x080001db   Thumb Code     0  startup_stm32f427xx.o(.text)
    TIM8_TRG_COM_TIM14_IRQHandler            0x080001db   Thumb Code     0  startup_stm32f427xx.o(.text)
    TIM8_UP_TIM13_IRQHandler                 0x080001db   Thumb Code     0  startup_stm32f427xx.o(.text)
    UART4_IRQHandler                         0x080001db   Thumb Code     0  startup_stm32f427xx.o(.text)
    UART5_IRQHandler                         0x080001db   Thumb Code     0  startup_stm32f427xx.o(.text)
    UART7_IRQHandler                         0x080001db   Thumb Code     0  startup_stm32f427xx.o(.text)
    UART8_IRQHandler                         0x080001db   Thumb Code     0  startup_stm32f427xx.o(.text)
    WWDG_IRQHandler                          0x080001db   Thumb Code     0  startup_stm32f427xx.o(.text)
    RampInit                                 0x080001e5   Thumb Code     8  ramp.o(.text)
    RampCalc                                 0x080001ed   Thumb Code    66  ramp.o(.text)
    RampSetCounter                           0x0800022f   Thumb Code     4  ramp.o(.text)
    RampResetCounter                         0x08000233   Thumb Code     6  ramp.o(.text)
    RampSetScale                             0x08000239   Thumb Code     4  ramp.o(.text)
    RampIsOverflow                           0x0800023d   Thumb Code    18  ramp.o(.text)
    PID_Reset                                0x08000255   Thumb Code    50  pid_regulator.o(.text)
    PID_Calc                                 0x08000287   Thumb Code   234  pid_regulator.o(.text)
    __aeabi_uldivmod                         0x08000375   Thumb Code    98  uldiv.o(.text)
    __aeabi_memcpy                           0x080003d7   Thumb Code    36  memcpya.o(.text)
    __aeabi_memcpy4                          0x080003d7   Thumb Code     0  memcpya.o(.text)
    __aeabi_memcpy8                          0x080003d7   Thumb Code     0  memcpya.o(.text)
    __aeabi_dmul                             0x080003fb   Thumb Code   228  dmul.o(.text)
    __aeabi_i2d                              0x080004df   Thumb Code    34  dflti.o(.text)
    __aeabi_d2f                              0x08000501   Thumb Code    56  d2f.o(.text)
    __aeabi_llsl                             0x08000539   Thumb Code    30  llshl.o(.text)
    _ll_shift_l                              0x08000539   Thumb Code     0  llshl.o(.text)
    __aeabi_llsr                             0x08000557   Thumb Code    32  llushr.o(.text)
    _ll_ushift_r                             0x08000557   Thumb Code     0  llushr.o(.text)
    __I$use$fp                               0x08000577   Thumb Code     0  iusefp.o(.text)
    _float_round                             0x08000577   Thumb Code    18  fepilogue.o(.text)
    _float_epilogue                          0x08000589   Thumb Code    92  fepilogue.o(.text)
    _double_round                            0x080005e5   Thumb Code    30  depilogue.o(.text)
    _double_epilogue                         0x08000603   Thumb Code   156  depilogue.o(.text)
    __scatterload                            0x080006a1   Thumb Code    28  init.o(.text)
    __scatterload_rt2                        0x080006a1   Thumb Code     0  init.o(.text)
    __decompress                             0x080006c5   Thumb Code     0  __dczerorl2.o(.text)
    __decompress1                            0x080006c5   Thumb Code    86  __dczerorl2.o(.text)
    BusFault_Handler                         0x0800071b   Thumb Code     2  stm32f4xx_it.o(i.BusFault_Handler)
    CAN1_RX0_IRQHandler                      0x0800071d   Thumb Code     6  stm32f4xx_it.o(i.CAN1_RX0_IRQHandler)
    CAN1_TX_IRQHandler                       0x08000729   Thumb Code     6  stm32f4xx_it.o(i.CAN1_TX_IRQHandler)
    CMControlInit                            0x0800085d   Thumb Code     6  controltask.o(i.CMControlInit)
    ControlPitch                             0x08000869   Thumb Code   152  controltask.o(i.ControlPitch)
    ControlYaw                               0x08000929   Thumb Code   140  controltask.o(i.ControlYaw)
    DMA1_Stream1_IRQHandler                  0x080009e1   Thumb Code     6  stm32f4xx_it.o(i.DMA1_Stream1_IRQHandler)
    DMA1_Stream5_IRQHandler                  0x080009ed   Thumb Code     6  stm32f4xx_it.o(i.DMA1_Stream5_IRQHandler)
    DMA2_Stream1_IRQHandler                  0x080009f9   Thumb Code     6  stm32f4xx_it.o(i.DMA2_Stream1_IRQHandler)
    DMA2_Stream2_IRQHandler                  0x08000a05   Thumb Code     6  stm32f4xx_it.o(i.DMA2_Stream2_IRQHandler)
    DebugMon_Handler                         0x08000ab5   Thumb Code     2  stm32f4xx_it.o(i.DebugMon_Handler)
    EXTI0_IRQHandler                         0x08000ab7   Thumb Code     6  stm32f4xx_it.o(i.EXTI0_IRQHandler)
    GetRemoteSwitchAction                    0x08000abd   Thumb Code    82  remotetask.o(i.GetRemoteSwitchAction)
    HAL_CAN_ConfigFilter                     0x08000b15   Thumb Code   244  stm32f4xx_hal_can.o(i.HAL_CAN_ConfigFilter)
    HAL_CAN_ErrorCallback                    0x08000c0d   Thumb Code     2  stm32f4xx_hal_can.o(i.HAL_CAN_ErrorCallback)
    HAL_CAN_IRQHandler                       0x08000c11   Thumb Code   548  stm32f4xx_hal_can.o(i.HAL_CAN_IRQHandler)
    HAL_CAN_Init                             0x08000e45   Thumb Code   328  stm32f4xx_hal_can.o(i.HAL_CAN_Init)
    HAL_CAN_MspInit                          0x08000f8d   Thumb Code    92  can.o(i.HAL_CAN_MspInit)
    HAL_CAN_Receive_IT                       0x08000ff5   Thumb Code   180  stm32f4xx_hal_can.o(i.HAL_CAN_Receive_IT)
    HAL_CAN_RxCpltCallback                   0x080010a9   Thumb Code   106  cantask.o(i.HAL_CAN_RxCpltCallback)
    HAL_CAN_Transmit_IT                      0x08001139   Thumb Code   292  stm32f4xx_hal_can.o(i.HAL_CAN_Transmit_IT)
    HAL_CAN_TxCpltCallback                   0x0800125d   Thumb Code    14  cantask.o(i.HAL_CAN_TxCpltCallback)
    HAL_DMA_Abort                            0x08001275   Thumb Code   142  stm32f4xx_hal_dma.o(i.HAL_DMA_Abort)
    HAL_DMA_Abort_IT                         0x08001303   Thumb Code    36  stm32f4xx_hal_dma.o(i.HAL_DMA_Abort_IT)
    HAL_DMA_IRQHandler                       0x08001329   Thumb Code   412  stm32f4xx_hal_dma.o(i.HAL_DMA_IRQHandler)
    HAL_DMA_Init                             0x080014c9   Thumb Code   206  stm32f4xx_hal_dma.o(i.HAL_DMA_Init)
    HAL_DMA_Start_IT                         0x0800159d   Thumb Code   120  stm32f4xx_hal_dma.o(i.HAL_DMA_Start_IT)
    HAL_GPIO_EXTI_Callback                   0x08001615   Thumb Code    18  controltask.o(i.HAL_GPIO_EXTI_Callback)
    HAL_GPIO_EXTI_IRQHandler                 0x08001631   Thumb Code    18  stm32f4xx_hal_gpio.o(i.HAL_GPIO_EXTI_IRQHandler)
    HAL_GPIO_Init                            0x08001649   Thumb Code   408  stm32f4xx_hal_gpio.o(i.HAL_GPIO_Init)
    HAL_GPIO_WritePin                        0x08001815   Thumb Code    10  stm32f4xx_hal_gpio.o(i.HAL_GPIO_WritePin)
    HAL_GetTick                              0x08001821   Thumb Code     6  stm32f4xx_hal.o(i.HAL_GetTick)
    HAL_IncTick                              0x0800182d   Thumb Code    10  stm32f4xx_hal.o(i.HAL_IncTick)
    HAL_Init                                 0x0800183d   Thumb Code    48  stm32f4xx_hal.o(i.HAL_Init)
    HAL_InitTick                             0x08001871   Thumb Code    34  stm32f4xx_hal.o(i.HAL_InitTick)
    HAL_MspInit                              0x08001899   Thumb Code    88  stm32f4xx_hal_msp.o(i.HAL_MspInit)
    HAL_NVIC_DisableIRQ                      0x080018f1   Thumb Code    22  stm32f4xx_hal_cortex.o(i.HAL_NVIC_DisableIRQ)
    HAL_NVIC_EnableIRQ                       0x08001907   Thumb Code    22  stm32f4xx_hal_cortex.o(i.HAL_NVIC_EnableIRQ)
    HAL_NVIC_SetPriority                     0x0800191d   Thumb Code    60  stm32f4xx_hal_cortex.o(i.HAL_NVIC_SetPriority)
    HAL_NVIC_SetPriorityGrouping             0x0800195d   Thumb Code    26  stm32f4xx_hal_cortex.o(i.HAL_NVIC_SetPriorityGrouping)
    HAL_RCC_ClockConfig                      0x08001981   Thumb Code   286  stm32f4xx_hal_rcc.o(i.HAL_RCC_ClockConfig)
    HAL_RCC_GetHCLKFreq                      0x08001ab1   Thumb Code     6  stm32f4xx_hal_rcc.o(i.HAL_RCC_GetHCLKFreq)
    HAL_RCC_GetPCLK1Freq                     0x08001abd   Thumb Code    20  stm32f4xx_hal_rcc.o(i.HAL_RCC_GetPCLK1Freq)
    HAL_RCC_GetPCLK2Freq                     0x08001add   Thumb Code    20  stm32f4xx_hal_rcc.o(i.HAL_RCC_GetPCLK2Freq)
    HAL_RCC_GetSysClockFreq                  0x08001afd   Thumb Code    88  stm32f4xx_hal_rcc.o(i.HAL_RCC_GetSysClockFreq)
    HAL_RCC_OscConfig                        0x08001b61   Thumb Code   730  stm32f4xx_hal_rcc.o(i.HAL_RCC_OscConfig)
    HAL_SPI_Init                             0x08001e51   Thumb Code   128  stm32f4xx_hal_spi.o(i.HAL_SPI_Init)
    HAL_SPI_MspInit                          0x08001ed1   Thumb Code    64  spi.o(i.HAL_SPI_MspInit)
    HAL_SYSTICK_CLKSourceConfig              0x08001f1d   Thumb Code    24  stm32f4xx_hal_cortex.o(i.HAL_SYSTICK_CLKSourceConfig)
    HAL_SYSTICK_Callback                     0x08001f35   Thumb Code     2  stm32f4xx_hal_cortex.o(i.HAL_SYSTICK_Callback)
    HAL_SYSTICK_Config                       0x08001f37   Thumb Code    40  stm32f4xx_hal_cortex.o(i.HAL_SYSTICK_Config)
    HAL_SYSTICK_IRQHandler                   0x08001f5f   Thumb Code     8  stm32f4xx_hal_cortex.o(i.HAL_SYSTICK_IRQHandler)
    HAL_TIMEx_BreakCallback                  0x08001f67   Thumb Code     2  stm32f4xx_hal_tim_ex.o(i.HAL_TIMEx_BreakCallback)
    HAL_TIMEx_CommutationCallback            0x08001f69   Thumb Code     2  stm32f4xx_hal_tim_ex.o(i.HAL_TIMEx_CommutationCallback)
    HAL_TIMEx_MasterConfigSynchronization    0x08001f6b   Thumb Code    80  stm32f4xx_hal_tim_ex.o(i.HAL_TIMEx_MasterConfigSynchronization)
    HAL_TIM_Base_Init                        0x08001fbb   Thumb Code    54  stm32f4xx_hal_tim.o(i.HAL_TIM_Base_Init)
    HAL_TIM_Base_MspInit                     0x08001ff1   Thumb Code   170  tim.o(i.HAL_TIM_Base_MspInit)
    HAL_TIM_Base_Start_IT                    0x080020b5   Thumb Code    24  stm32f4xx_hal_tim.o(i.HAL_TIM_Base_Start_IT)
    HAL_TIM_ConfigClockSource                0x080020cd   Thumb Code   242  stm32f4xx_hal_tim.o(i.HAL_TIM_ConfigClockSource)
    HAL_TIM_Encoder_Init                     0x080021bf   Thumb Code   150  stm32f4xx_hal_tim.o(i.HAL_TIM_Encoder_Init)
    HAL_TIM_Encoder_MspInit                  0x08002255   Thumb Code     2  stm32f4xx_hal_tim.o(i.HAL_TIM_Encoder_MspInit)
    HAL_TIM_Encoder_Start                    0x08002259   Thumb Code    52  stm32f4xx_hal_tim.o(i.HAL_TIM_Encoder_Start)
    HAL_TIM_IC_CaptureCallback               0x0800228d   Thumb Code     2  stm32f4xx_hal_tim.o(i.HAL_TIM_IC_CaptureCallback)
    HAL_TIM_IRQHandler                       0x0800228f   Thumb Code   358  stm32f4xx_hal_tim.o(i.HAL_TIM_IRQHandler)
    HAL_TIM_MspPostInit                      0x080023f5   Thumb Code   126  tim.o(i.HAL_TIM_MspPostInit)
    HAL_TIM_OC_DelayElapsedCallback          0x0800248d   Thumb Code     2  stm32f4xx_hal_tim.o(i.HAL_TIM_OC_DelayElapsedCallback)
    HAL_TIM_PWM_ConfigChannel                0x0800248f   Thumb Code   208  stm32f4xx_hal_tim.o(i.HAL_TIM_PWM_ConfigChannel)
    HAL_TIM_PWM_Init                         0x0800255f   Thumb Code    54  stm32f4xx_hal_tim.o(i.HAL_TIM_PWM_Init)
    HAL_TIM_PWM_MspInit                      0x08002595   Thumb Code    60  tim.o(i.HAL_TIM_PWM_MspInit)
    HAL_TIM_PWM_PulseFinishedCallback        0x080025dd   Thumb Code     2  stm32f4xx_hal_tim.o(i.HAL_TIM_PWM_PulseFinishedCallback)
    HAL_TIM_PWM_Start                        0x080025e1   Thumb Code    48  stm32f4xx_hal_tim.o(i.HAL_TIM_PWM_Start)
    HAL_TIM_PeriodElapsedCallback            0x08002619   Thumb Code   134  controltask.o(i.HAL_TIM_PeriodElapsedCallback)
    HAL_TIM_TriggerCallback                  0x080026c1   Thumb Code     2  stm32f4xx_hal_tim.o(i.HAL_TIM_TriggerCallback)
    HAL_UART_AbortReceive                    0x080026c3   Thumb Code    68  stm32f4xx_hal_uart.o(i.HAL_UART_AbortReceive)
    HAL_UART_ErrorCallback                   0x08002707   Thumb Code     2  stm32f4xx_hal_uart.o(i.HAL_UART_ErrorCallback)
    HAL_UART_IRQHandler                      0x08002709   Thumb Code   266  stm32f4xx_hal_uart.o(i.HAL_UART_IRQHandler)
    HAL_UART_Init                            0x08002819   Thumb Code    98  stm32f4xx_hal_uart.o(i.HAL_UART_Init)
    HAL_UART_MspInit                         0x0800287d   Thumb Code   574  usart.o(i.HAL_UART_MspInit)
    HAL_UART_Receive_DMA                     0x08002afd   Thumb Code   138  stm32f4xx_hal_uart.o(i.HAL_UART_Receive_DMA)
    HAL_UART_RxCpltCallback                  0x08002b95   Thumb Code    14  remotetask.o(i.HAL_UART_RxCpltCallback)
    HAL_UART_RxHalfCpltCallback              0x08002bad   Thumb Code     2  stm32f4xx_hal_uart.o(i.HAL_UART_RxHalfCpltCallback)
    HAL_UART_TxCpltCallback                  0x08002baf   Thumb Code     2  stm32f4xx_hal_uart.o(i.HAL_UART_TxCpltCallback)
    HardFault_Handler                        0x08002bb1   Thumb Code     2  stm32f4xx_it.o(i.HardFault_Handler)
    InitCanReception                         0x08002bb5   Thumb Code    70  cantask.o(i.InitCanReception)
    InitRemoteControl                        0x08002c21   Thumb Code    32  remotetask.o(i.InitRemoteControl)
    InitUserTimer                            0x08002c65   Thumb Code    22  shoottask.o(i.InitUserTimer)
    MX_CAN1_Init                             0x08002c81   Thumb Code    64  can.o(i.MX_CAN1_Init)
    MX_DMA_Init                              0x08002cd9   Thumb Code   104  dma.o(i.MX_DMA_Init)
    MX_GPIO_Init                             0x08002d45   Thumb Code   284  gpio.o(i.MX_GPIO_Init)
    MX_SPI5_Init                             0x08002e79   Thumb Code    66  spi.o(i.MX_SPI5_Init)
    MX_TIM10_Init                            0x08002ed5   Thumb Code    46  tim.o(i.MX_TIM10_Init)
    MX_TIM12_Init                            0x08002f1d   Thumb Code   148  tim.o(i.MX_TIM12_Init)
    MX_TIM4_Init                             0x08002fc9   Thumb Code   202  tim.o(i.MX_TIM4_Init)
    MX_TIM5_Init                             0x080030ad   Thumb Code   142  tim.o(i.MX_TIM5_Init)
    MX_TIM6_Init                             0x08003155   Thumb Code    62  tim.o(i.MX_TIM6_Init)
    MX_TIM7_Init                             0x080031ad   Thumb Code    62  tim.o(i.MX_TIM7_Init)
    MX_USART1_UART_Init                      0x08003205   Thumb Code    58  usart.o(i.MX_USART1_UART_Init)
    MX_USART2_UART_Init                      0x0800325d   Thumb Code    52  usart.o(i.MX_USART2_UART_Init)
    MX_USART3_UART_Init                      0x080032a9   Thumb Code    52  usart.o(i.MX_USART3_UART_Init)
    MX_USART6_UART_Init                      0x080032f5   Thumb Code    52  usart.o(i.MX_USART6_UART_Init)
    MemManage_Handler                        0x08003341   Thumb Code     2  stm32f4xx_it.o(i.MemManage_Handler)
    MouseKeyControlProcess                   0x08003345   Thumb Code   334  remotetask.o(i.MouseKeyControlProcess)
    MouseShootControl                        0x080034a9   Thumb Code   244  shoottask.o(i.MouseShootControl)
    NMI_Handler                              0x080035a9   Thumb Code     2  stm32f4xx_it.o(i.NMI_Handler)
    PID_PROCESS_Double                       0x080035cb   Thumb Code    72  pid_regulator.o(i.PID_PROCESS_Double)
    PendSV_Handler                           0x08003613   Thumb Code     2  stm32f4xx_it.o(i.PendSV_Handler)
    ProcessPitchPID                          0x08003615   Thumb Code    70  pid_regulator.o(i.ProcessPitchPID)
    ProcessYawPID                            0x08003665   Thumb Code    70  pid_regulator.o(i.ProcessYawPID)
    RemoteControlProcess                     0x080036b5   Thumb Code   158  remotetask.o(i.RemoteControlProcess)
    RemoteDataProcess                        0x0800376d   Thumb Code   194  remotetask.o(i.RemoteDataProcess)
    RemoteShootControl                       0x0800383d   Thumb Code   194  shoottask.o(i.RemoteShootControl)
    RemoteTaskInit                           0x08003911   Thumb Code    82  remotetask.o(i.RemoteTaskInit)
    SVC_Handler                              0x0800397d   Thumb Code     2  stm32f4xx_it.o(i.SVC_Handler)
    SetFrictionWheelSpeed                    0x08003981   Thumb Code    12  shoottask.o(i.SetFrictionWheelSpeed)
    SysTick_Handler                          0x08003991   Thumb Code    14  stm32f4xx_it.o(i.SysTick_Handler)
    SystemClock_Config                       0x080039a1   Thumb Code   150  main.o(i.SystemClock_Config)
    SystemInit                               0x08003a41   Thumb Code    66  system_stm32f4xx.o(i.SystemInit)
    TIM1_UP_TIM10_IRQHandler                 0x08003a95   Thumb Code     6  stm32f4xx_it.o(i.TIM1_UP_TIM10_IRQHandler)
    TIM6_DAC_IRQHandler                      0x08003aa1   Thumb Code     6  stm32f4xx_it.o(i.TIM6_DAC_IRQHandler)
    TIM7_IRQHandler                          0x08003aad   Thumb Code     6  stm32f4xx_it.o(i.TIM7_IRQHandler)
    TIM_Base_SetConfig                       0x08003ab9   Thumb Code   148  stm32f4xx_hal_tim.o(i.TIM_Base_SetConfig)
    TIM_CCxChannelCmd                        0x08003b79   Thumb Code    22  stm32f4xx_hal_tim.o(i.TIM_CCxChannelCmd)
    TIM_OC2_SetConfig                        0x08003c0d   Thumb Code    90  stm32f4xx_hal_tim.o(i.TIM_OC2_SetConfig)
    USART1_IRQHandler                        0x080041d1   Thumb Code     6  stm32f4xx_it.o(i.USART1_IRQHandler)
    USART2_IRQHandler                        0x080041dd   Thumb Code     6  stm32f4xx_it.o(i.USART2_IRQHandler)
    USART3_IRQHandler                        0x080041e9   Thumb Code     6  stm32f4xx_it.o(i.USART3_IRQHandler)
    USART6_IRQHandler                        0x080041f5   Thumb Code     6  stm32f4xx_it.o(i.USART6_IRQHandler)
    UsageFault_Handler                       0x08004201   Thumb Code     2  stm32f4xx_it.o(i.UsageFault_Handler)
    WorkStateFSM                             0x08004205   Thumb Code    80  controltask.o(i.WorkStateFSM)
    _Error_Handler                           0x0800425d   Thumb Code     2  main.o(i._Error_Handler)
    __scatterload_copy                       0x0800425f   Thumb Code    14  handlers.o(i.__scatterload_copy)
    __scatterload_null                       0x0800426d   Thumb Code     2  handlers.o(i.__scatterload_null)
    __scatterload_zeroinit                   0x0800426f   Thumb Code    14  handlers.o(i.__scatterload_zeroinit)
    controlLoop                              0x0800427d   Thumb Code    36  controltask.o(i.controlLoop)
    fw_PID_Calc                              0x080042a5   Thumb Code   286  pid_regulator.o(i.fw_PID_Calc)
    fw_PID_Reset                             0x080043c9   Thumb Code     2  pid_regulator.o(i.fw_PID_Reset)
    main                                     0x080043cd   Thumb Code   206  main.o(i.main)
    plateMotorInit                           0x080044a5   Thumb Code    40  platemotor.o(i.plateMotorInit)
    setCMMotor                               0x080044d5   Thumb Code   140  controltask.o(i.setCMMotor)
    setGMMotor                               0x0800458d   Thumb Code   168  controltask.o(i.setGMMotor)
    setPlateMotorDir                         0x08004661   Thumb Code    60  platemotor.o(i.setPlateMotorDir)
    AHBPrescTable                            0x080046ac   Data          16  system_stm32f4xx.o(.constdata)
    APBPrescTable                            0x080046bc   Data           8  system_stm32f4xx.o(.constdata)
    Region$$Table$$Base                      0x080046c4   Number         0  anon$$obj.o(Region$$Table)
    Region$$Table$$Limit                     0x080046e4   Number         0  anon$$obj.o(Region$$Table)
    uwTick                                   0x20000000   Data           4  stm32f4xx_hal.o(.data)
    isRcanStarted_CMGM                       0x20000004   Data           1  cantask.o(.data)
    can1_update                              0x20000005   Data           1  cantask.o(.data)
    CMFLRx                                   0x20000006   Data           4  cantask.o(.data)
    GMPITCHRx                                0x2000000a   Data           6  cantask.o(.data)
    GMYAWRx                                  0x20000010   Data           6  cantask.o(.data)
    can1_type                                0x20000016   Data           1  cantask.o(.data)
    WorkState                                0x20000018   Data           1  controltask.o(.data)
    prepare_time                             0x2000001a   Data           2  controltask.o(.data)
    CMFLIntensity                            0x2000001c   Data           2  controltask.o(.data)
    yawIntensity                             0x2000001e   Data           2  controltask.o(.data)
    pitchIntensity                           0x20000020   Data           2  controltask.o(.data)
    yawRealAngle                             0x20000024   Data           4  controltask.o(.data)
    pitchRealAngle                           0x20000028   Data           4  controltask.o(.data)
    CM1SpeedPID                              0x20000034   Data          80  controltask.o(.data)
    pitchPositionPID                         0x20000084   Data          76  controltask.o(.data)
    yawPositionPID                           0x200000d0   Data          76  controltask.o(.data)
    pitchSpeedPID                            0x2000011c   Data          76  controltask.o(.data)
    yawSpeedPID                              0x20000168   Data          76  controltask.o(.data)
    inputmode                                0x200001b4   Data           1  remotetask.o(.data)
    rc_update                                0x200001b5   Data           1  remotetask.o(.data)
    yawAngleTarget                           0x200001bc   Data           4  remotetask.o(.data)
    pitchAngleTarget                         0x200001c0   Data           4  remotetask.o(.data)
    rotate_forward                           0x200001c4   Data           4  remotetask.o(.data)
    ChassisSpeedRef                          0x200001cc   Data           6  remotetask.o(.data)
    rc_first_frame                           0x200001d2   Data           1  remotetask.o(.data)
    rc_cnt                                   0x200001d3   Data           1  remotetask.o(.data)
    FrictionWheelState                       0x200001d4   Data           1  shoottask.o(.data)
    ShootState                               0x200001d5   Data           1  shoottask.o(.data)
    shootFlag                                0x200001da   Data           2  shoottask.o(.data)
    frictionRamp                             0x200001e4   Data          36  shoottask.o(.data)
    LRSpeedRamp                              0x20000208   Data          36  shoottask.o(.data)
    FBSpeedRamp                              0x2000022c   Data          36  shoottask.o(.data)
    launchMode                               0x20000250   Data           1  platemotor.o(.data)
    PlateMotorDir                            0x20000251   Data           1  platemotor.o(.data)
    stuck                                    0x20000258   Data           4  platemotor.o(.data)
    RotateAdd                                0x2000025c   Data           4  platemotor.o(.data)
    last_fdb                                 0x20000260   Data           4  platemotor.o(.data)
    this_fdb                                 0x20000264   Data           4  platemotor.o(.data)
    ShootMotorPositionPID                    0x20000270   Data          80  platemotor.o(.data)
    SystemCoreClock                          0x200002c0   Data           4  system_stm32f4xx.o(.data)
    CMGMCanRxMsg                             0x200002c4   Data          36  cantask.o(.bss)
    rc_data                                  0x200002e8   Data          18  remotetask.o(.bss)
    RC_CtrlData                              0x200002fa   Data          22  remotetask.o(.bss)
    g_switch1                                0x20000310   Data          23  remotetask.o(.bss)
    huart1                                   0x20000328   Data          64  usart.o(.bss)
    huart2                                   0x20000368   Data          64  usart.o(.bss)
    huart3                                   0x200003a8   Data          64  usart.o(.bss)
    huart6                                   0x200003e8   Data          64  usart.o(.bss)
    hdma_usart1_rx                           0x20000428   Data          96  usart.o(.bss)
    hdma_usart2_rx                           0x20000488   Data          96  usart.o(.bss)
    hdma_usart3_rx                           0x200004e8   Data          96  usart.o(.bss)
    hdma_usart6_rx                           0x20000548   Data          96  usart.o(.bss)
    htim4                                    0x200005a8   Data          60  tim.o(.bss)
    htim5                                    0x200005e4   Data          60  tim.o(.bss)
    htim6                                    0x20000620   Data          60  tim.o(.bss)
    htim7                                    0x2000065c   Data          60  tim.o(.bss)
    htim10                                   0x20000698   Data          60  tim.o(.bss)
    htim12                                   0x200006d4   Data          60  tim.o(.bss)
    hcan1                                    0x20000710   Data          68  can.o(.bss)
    hspi5                                    0x20000754   Data          88  spi.o(.bss)
    __initial_sp                             0x20000bb0   Data           0  startup_stm32f427xx.o(STACK)



==============================================================================

Memory Map of the image

  Image Entry point : 0x080001ad

  Load Region LR_IROM1 (Base: 0x08000000, Size: 0x000049a8, Max: 0x00200000, ABSOLUTE, COMPRESSED[0x0000478c])

    Execution Region ER_IROM1 (Base: 0x08000000, Size: 0x000046e4, Max: 0x00200000, ABSOLUTE)

    Base Addr    Size         Type   Attr      Idx    E Section Name        Object

    0x08000000   0x000001ac   Data   RO         3816    RESET               startup_stm32f427xx.o
    0x080001ac   0x00000000   Code   RO         4039  * .ARM.Collect$$$$00000000  mc_w.l(entry.o)
    0x080001ac   0x00000004   Code   RO         4056    .ARM.Collect$$$$00000001  mc_w.l(entry2.o)
    0x080001b0   0x00000004   Code   RO         4059    .ARM.Collect$$$$00000004  mc_w.l(entry5.o)
    0x080001b4   0x00000000   Code   RO         4061    .ARM.Collect$$$$00000008  mc_w.l(entry7b.o)
    0x080001b4   0x00000000   Code   RO         4063    .ARM.Collect$$$$0000000A  mc_w.l(entry8b.o)
    0x080001b4   0x00000008   Code   RO         4064    .ARM.Collect$$$$0000000B  mc_w.l(entry9a.o)
    0x080001bc   0x00000000   Code   RO         4066    .ARM.Collect$$$$0000000D  mc_w.l(entry10a.o)
    0x080001bc   0x00000000   Code   RO         4068    .ARM.Collect$$$$0000000F  mc_w.l(entry11a.o)
    0x080001bc   0x00000004   Code   RO         4057    .ARM.Collect$$$$00002712  mc_w.l(entry2.o)
    0x080001c0   0x00000024   Code   RO         3817    .text               startup_stm32f427xx.o
    0x080001e4   0x00000070   Code   RO         3823    .text               RMLib.lib(ramp.o)
    0x08000254   0x00000120   Code   RO         4015    .text               RMLib.lib(pid_regulator.o)
    0x08000374   0x00000062   Code   RO         4042    .text               mc_w.l(uldiv.o)
    0x080003d6   0x00000024   Code   RO         4044    .text               mc_w.l(memcpya.o)
    0x080003fa   0x000000e4   Code   RO         4050    .text               mf_w.l(dmul.o)
    0x080004de   0x00000022   Code   RO         4052    .text               mf_w.l(dflti.o)
    0x08000500   0x00000038   Code   RO         4054    .text               mf_w.l(d2f.o)
    0x08000538   0x0000001e   Code   RO         4070    .text               mc_w.l(llshl.o)
    0x08000556   0x00000020   Code   RO         4072    .text               mc_w.l(llushr.o)
    0x08000576   0x00000000   Code   RO         4076    .text               mc_w.l(iusefp.o)
    0x08000576   0x0000006e   Code   RO         4077    .text               mf_w.l(fepilogue.o)
    0x080005e4   0x000000ba   Code   RO         4079    .text               mf_w.l(depilogue.o)
    0x0800069e   0x00000002   PAD
    0x080006a0   0x00000024   Code   RO         4081    .text               mc_w.l(init.o)
    0x080006c4   0x00000056   Code   RO         4091    .text               mc_w.l(__dczerorl2.o)
    0x0800071a   0x00000002   Code   RO         3435    i.BusFault_Handler  stm32f4xx_it.o
    0x0800071c   0x0000000c   Code   RO         3436    i.CAN1_RX0_IRQHandler  stm32f4xx_it.o
    0x08000728   0x0000000c   Code   RO         3437    i.CAN1_TX_IRQHandler  stm32f4xx_it.o
    0x08000734   0x00000126   Code   RO          996    i.CAN_Receive_IT    stm32f4xx_hal_can.o
    0x0800085a   0x00000002   PAD
    0x0800085c   0x0000000c   Code   RO         2938    i.CMControlInit     controltask.o
    0x08000868   0x000000c0   Code   RO         2940    i.ControlPitch      controltask.o
    0x08000928   0x000000b8   Code   RO         2941    i.ControlYaw        controltask.o
    0x080009e0   0x0000000c   Code   RO         3438    i.DMA1_Stream1_IRQHandler  stm32f4xx_it.o
    0x080009ec   0x0000000c   Code   RO         3439    i.DMA1_Stream5_IRQHandler  stm32f4xx_it.o
    0x080009f8   0x0000000c   Code   RO         3440    i.DMA2_Stream1_IRQHandler  stm32f4xx_it.o
    0x08000a04   0x0000000c   Code   RO         3441    i.DMA2_Stream2_IRQHandler  stm32f4xx_it.o
    0x08000a10   0x00000028   Code   RO         2603    i.DMA_CalcBaseAndBitshift  stm32f4xx_hal_dma.o
    0x08000a38   0x00000054   Code   RO         2604    i.DMA_CheckFifoParam  stm32f4xx_hal_dma.o
    0x08000a8c   0x00000028   Code   RO         2605    i.DMA_SetConfig     stm32f4xx_hal_dma.o
    0x08000ab4   0x00000002   Code   RO         3442    i.DebugMon_Handler  stm32f4xx_it.o
    0x08000ab6   0x00000006   Code   RO         3443    i.EXTI0_IRQHandler  stm32f4xx_it.o
    0x08000abc   0x00000058   Code   RO         3079    i.GetRemoteSwitchAction  remotetask.o
    0x08000b14   0x000000f8   Code   RO          997    i.HAL_CAN_ConfigFilter  stm32f4xx_hal_can.o
    0x08000c0c   0x00000002   Code   RO          999    i.HAL_CAN_ErrorCallback  stm32f4xx_hal_can.o
    0x08000c0e   0x00000002   PAD
    0x08000c10   0x00000234   Code   RO         1002    i.HAL_CAN_IRQHandler  stm32f4xx_hal_can.o
    0x08000e44   0x00000148   Code   RO         1003    i.HAL_CAN_Init      stm32f4xx_hal_can.o
    0x08000f8c   0x00000068   Code   RO         3734    i.HAL_CAN_MspInit   can.o
    0x08000ff4   0x000000b4   Code   RO         1007    i.HAL_CAN_Receive_IT  stm32f4xx_hal_can.o
    0x080010a8   0x00000090   Code   RO         2829    i.HAL_CAN_RxCpltCallback  cantask.o
    0x08001138   0x00000124   Code   RO         1011    i.HAL_CAN_Transmit_IT  stm32f4xx_hal_can.o
    0x0800125c   0x00000018   Code   RO         2830    i.HAL_CAN_TxCpltCallback  cantask.o
    0x08001274   0x0000008e   Code   RO         2606    i.HAL_DMA_Abort     stm32f4xx_hal_dma.o
    0x08001302   0x00000024   Code   RO         2607    i.HAL_DMA_Abort_IT  stm32f4xx_hal_dma.o
    0x08001326   0x00000002   PAD
    0x08001328   0x000001a0   Code   RO         2611    i.HAL_DMA_IRQHandler  stm32f4xx_hal_dma.o
    0x080014c8   0x000000d4   Code   RO         2612    i.HAL_DMA_Init      stm32f4xx_hal_dma.o
    0x0800159c   0x00000078   Code   RO         2616    i.HAL_DMA_Start_IT  stm32f4xx_hal_dma.o
    0x08001614   0x0000001c   Code   RO         2942    i.HAL_GPIO_EXTI_Callback  controltask.o
    0x08001630   0x00000018   Code   RO         2539    i.HAL_GPIO_EXTI_IRQHandler  stm32f4xx_hal_gpio.o
    0x08001648   0x000001cc   Code   RO         2540    i.HAL_GPIO_Init     stm32f4xx_hal_gpio.o
    0x08001814   0x0000000a   Code   RO         2544    i.HAL_GPIO_WritePin  stm32f4xx_hal_gpio.o
    0x0800181e   0x00000002   PAD
    0x08001820   0x0000000c   Code   RO          846    i.HAL_GetTick       stm32f4xx_hal.o
    0x0800182c   0x00000010   Code   RO          848    i.HAL_IncTick       stm32f4xx_hal.o
    0x0800183c   0x00000034   Code   RO          849    i.HAL_Init          stm32f4xx_hal.o
    0x08001870   0x00000028   Code   RO          850    i.HAL_InitTick      stm32f4xx_hal.o
    0x08001898   0x00000058   Code   RO         3595    i.HAL_MspInit       stm32f4xx_hal_msp.o
    0x080018f0   0x00000016   Code   RO         1657    i.HAL_NVIC_DisableIRQ  stm32f4xx_hal_cortex.o
    0x08001906   0x00000016   Code   RO         1658    i.HAL_NVIC_EnableIRQ  stm32f4xx_hal_cortex.o
    0x0800191c   0x00000040   Code   RO         1664    i.HAL_NVIC_SetPriority  stm32f4xx_hal_cortex.o
    0x0800195c   0x00000024   Code   RO         1665    i.HAL_NVIC_SetPriorityGrouping  stm32f4xx_hal_cortex.o
    0x08001980   0x00000130   Code   RO         1552    i.HAL_RCC_ClockConfig  stm32f4xx_hal_rcc.o
    0x08001ab0   0x0000000c   Code   RO         1557    i.HAL_RCC_GetHCLKFreq  stm32f4xx_hal_rcc.o
    0x08001abc   0x00000020   Code   RO         1559    i.HAL_RCC_GetPCLK1Freq  stm32f4xx_hal_rcc.o
    0x08001adc   0x00000020   Code   RO         1560    i.HAL_RCC_GetPCLK2Freq  stm32f4xx_hal_rcc.o
    0x08001afc   0x00000064   Code   RO         1561    i.HAL_RCC_GetSysClockFreq  stm32f4xx_hal_rcc.o
    0x08001b60   0x000002f0   Code   RO         1564    i.HAL_RCC_OscConfig  stm32f4xx_hal_rcc.o
    0x08001e50   0x00000080   Code   RO         1132    i.HAL_SPI_Init      stm32f4xx_hal_spi.o
    0x08001ed0   0x0000004c   Code   RO         3776    i.HAL_SPI_MspInit   spi.o
    0x08001f1c   0x00000018   Code   RO         1667    i.HAL_SYSTICK_CLKSourceConfig  stm32f4xx_hal_cortex.o
    0x08001f34   0x00000002   Code   RO         1668    i.HAL_SYSTICK_Callback  stm32f4xx_hal_cortex.o
    0x08001f36   0x00000028   Code   RO         1669    i.HAL_SYSTICK_Config  stm32f4xx_hal_cortex.o
    0x08001f5e   0x00000008   Code   RO         1670    i.HAL_SYSTICK_IRQHandler  stm32f4xx_hal_cortex.o
    0x08001f66   0x00000002   Code   RO          148    i.HAL_TIMEx_BreakCallback  stm32f4xx_hal_tim_ex.o
    0x08001f68   0x00000002   Code   RO          149    i.HAL_TIMEx_CommutationCallback  stm32f4xx_hal_tim_ex.o
    0x08001f6a   0x00000050   Code   RO          165    i.HAL_TIMEx_MasterConfigSynchronization  stm32f4xx_hal_tim_ex.o
    0x08001fba   0x00000036   Code   RO         1908    i.HAL_TIM_Base_Init  stm32f4xx_hal_tim.o
    0x08001ff0   0x000000c4   Code   RO         3644    i.HAL_TIM_Base_MspInit  tim.o
    0x080020b4   0x00000018   Code   RO         1913    i.HAL_TIM_Base_Start_IT  stm32f4xx_hal_tim.o
    0x080020cc   0x000000f2   Code   RO         1917    i.HAL_TIM_ConfigClockSource  stm32f4xx_hal_tim.o
    0x080021be   0x00000096   Code   RO         1926    i.HAL_TIM_Encoder_Init  stm32f4xx_hal_tim.o
    0x08002254   0x00000002   Code   RO         1928    i.HAL_TIM_Encoder_MspInit  stm32f4xx_hal_tim.o
    0x08002256   0x00000002   PAD
    0x08002258   0x00000034   Code   RO         1929    i.HAL_TIM_Encoder_Start  stm32f4xx_hal_tim.o
    0x0800228c   0x00000002   Code   RO         1937    i.HAL_TIM_IC_CaptureCallback  stm32f4xx_hal_tim.o
    0x0800228e   0x00000166   Code   RO         1950    i.HAL_TIM_IRQHandler  stm32f4xx_hal_tim.o
    0x080023f4   0x00000098   Code   RO         3645    i.HAL_TIM_MspPostInit  tim.o
    0x0800248c   0x00000002   Code   RO         1953    i.HAL_TIM_OC_DelayElapsedCallback  stm32f4xx_hal_tim.o
    0x0800248e   0x000000d0   Code   RO         1974    i.HAL_TIM_PWM_ConfigChannel  stm32f4xx_hal_tim.o
    0x0800255e   0x00000036   Code   RO         1977    i.HAL_TIM_PWM_Init  stm32f4xx_hal_tim.o
    0x08002594   0x00000048   Code   RO         3647    i.HAL_TIM_PWM_MspInit  tim.o
    0x080025dc   0x00000002   Code   RO         1980    i.HAL_TIM_PWM_PulseFinishedCallback  stm32f4xx_hal_tim.o
    0x080025de   0x00000002   PAD
    0x080025e0   0x00000038   Code   RO         1981    i.HAL_TIM_PWM_Start  stm32f4xx_hal_tim.o
    0x08002618   0x000000a8   Code   RO         2943    i.HAL_TIM_PeriodElapsedCallback  controltask.o
    0x080026c0   0x00000002   Code   RO         1991    i.HAL_TIM_TriggerCallback  stm32f4xx_hal_tim.o
    0x080026c2   0x00000044   Code   RO          397    i.HAL_UART_AbortReceive  stm32f4xx_hal_uart.o
    0x08002706   0x00000002   Code   RO          408    i.HAL_UART_ErrorCallback  stm32f4xx_hal_uart.o
    0x08002708   0x00000110   Code   RO          411    i.HAL_UART_IRQHandler  stm32f4xx_hal_uart.o
    0x08002818   0x00000062   Code   RO          412    i.HAL_UART_Init     stm32f4xx_hal_uart.o
    0x0800287a   0x00000002   PAD
    0x0800287c   0x00000280   Code   RO         3376    i.HAL_UART_MspInit  usart.o
    0x08002afc   0x00000098   Code   RO          416    i.HAL_UART_Receive_DMA  stm32f4xx_hal_uart.o
    0x08002b94   0x00000018   Code   RO         3080    i.HAL_UART_RxCpltCallback  remotetask.o
    0x08002bac   0x00000002   Code   RO          419    i.HAL_UART_RxHalfCpltCallback  stm32f4xx_hal_uart.o
    0x08002bae   0x00000002   Code   RO          423    i.HAL_UART_TxCpltCallback  stm32f4xx_hal_uart.o
    0x08002bb0   0x00000002   Code   RO         3444    i.HardFault_Handler  stm32f4xx_it.o
    0x08002bb2   0x00000002   PAD
    0x08002bb4   0x0000006c   Code   RO         2831    i.InitCanReception  cantask.o
    0x08002c20   0x00000044   Code   RO         3081    i.InitRemoteControl  remotetask.o
    0x08002c64   0x0000001c   Code   RO         3149    i.InitUserTimer     shoottask.o
    0x08002c80   0x00000058   Code   RO         3735    i.MX_CAN1_Init      can.o
    0x08002cd8   0x0000006c   Code   RO         3619    i.MX_DMA_Init       dma.o
    0x08002d44   0x00000134   Code   RO         3351    i.MX_GPIO_Init      gpio.o
    0x08002e78   0x0000005c   Code   RO         3777    i.MX_SPI5_Init      spi.o
    0x08002ed4   0x00000048   Code   RO         3648    i.MX_TIM10_Init     tim.o
    0x08002f1c   0x000000ac   Code   RO         3649    i.MX_TIM12_Init     tim.o
    0x08002fc8   0x000000e4   Code   RO         3650    i.MX_TIM4_Init      tim.o
    0x080030ac   0x000000a8   Code   RO         3651    i.MX_TIM5_Init      tim.o
    0x08003154   0x00000058   Code   RO         3652    i.MX_TIM6_Init      tim.o
    0x080031ac   0x00000058   Code   RO         3653    i.MX_TIM7_Init      tim.o
    0x08003204   0x00000058   Code   RO         3377    i.MX_USART1_UART_Init  usart.o
    0x0800325c   0x0000004c   Code   RO         3378    i.MX_USART2_UART_Init  usart.o
    0x080032a8   0x0000004c   Code   RO         3379    i.MX_USART3_UART_Init  usart.o
    0x080032f4   0x0000004c   Code   RO         3380    i.MX_USART6_UART_Init  usart.o
    0x08003340   0x00000002   Code   RO         3445    i.MemManage_Handler  stm32f4xx_it.o
    0x08003342   0x00000002   PAD
    0x08003344   0x00000164   Code   RO         3082    i.MouseKeyControlProcess  remotetask.o
    0x080034a8   0x00000100   Code   RO         3150    i.MouseShootControl  shoottask.o
    0x080035a8   0x00000002   Code   RO         3446    i.NMI_Handler       stm32f4xx_it.o
    0x080035aa   0x00000020   Code   RO         1671    i.NVIC_SetPriority  stm32f4xx_hal_cortex.o
    0x080035ca   0x00000048   Code   RO         3031    i.PID_PROCESS_Double  pid_regulator.o
    0x08003612   0x00000002   Code   RO         3447    i.PendSV_Handler    stm32f4xx_it.o
    0x08003614   0x00000050   Code   RO         3032    i.ProcessPitchPID   pid_regulator.o
    0x08003664   0x00000050   Code   RO         3033    i.ProcessYawPID     pid_regulator.o
    0x080036b4   0x000000b8   Code   RO         3083    i.RemoteControlProcess  remotetask.o
    0x0800376c   0x000000d0   Code   RO         3084    i.RemoteDataProcess  remotetask.o
    0x0800383c   0x000000d4   Code   RO         3151    i.RemoteShootControl  shoottask.o
    0x08003910   0x0000006c   Code   RO         3085    i.RemoteTaskInit    remotetask.o
    0x0800397c   0x00000002   Code   RO         3448    i.SVC_Handler       stm32f4xx_it.o
    0x0800397e   0x00000002   PAD
    0x08003980   0x00000010   Code   RO         3152    i.SetFrictionWheelSpeed  shoottask.o
    0x08003990   0x0000000e   Code   RO         3449    i.SysTick_Handler   stm32f4xx_it.o
    0x0800399e   0x00000002   PAD
    0x080039a0   0x000000a0   Code   RO         3315    i.SystemClock_Config  main.o
    0x08003a40   0x00000054   Code   RO         3278    i.SystemInit        system_stm32f4xx.o
    0x08003a94   0x0000000c   Code   RO         3450    i.TIM1_UP_TIM10_IRQHandler  stm32f4xx_it.o
    0x08003aa0   0x0000000c   Code   RO         3451    i.TIM6_DAC_IRQHandler  stm32f4xx_it.o
    0x08003aac   0x0000000c   Code   RO         3452    i.TIM7_IRQHandler   stm32f4xx_it.o
    0x08003ab8   0x000000c0   Code   RO         1992    i.TIM_Base_SetConfig  stm32f4xx_hal_tim.o
    0x08003b78   0x00000016   Code   RO         1993    i.TIM_CCxChannelCmd  stm32f4xx_hal_tim.o
    0x08003b8e   0x00000014   Code   RO         1999    i.TIM_ETR_SetConfig  stm32f4xx_hal_tim.o
    0x08003ba2   0x00000010   Code   RO         2000    i.TIM_ITRx_SetConfig  stm32f4xx_hal_tim.o
    0x08003bb2   0x00000002   PAD
    0x08003bb4   0x00000058   Code   RO         2001    i.TIM_OC1_SetConfig  stm32f4xx_hal_tim.o
    0x08003c0c   0x00000064   Code   RO         2002    i.TIM_OC2_SetConfig  stm32f4xx_hal_tim.o
    0x08003c70   0x00000060   Code   RO         2003    i.TIM_OC3_SetConfig  stm32f4xx_hal_tim.o
    0x08003cd0   0x00000050   Code   RO         2004    i.TIM_OC4_SetConfig  stm32f4xx_hal_tim.o
    0x08003d20   0x00000022   Code   RO         2006    i.TIM_TI1_ConfigInputStage  stm32f4xx_hal_tim.o
    0x08003d42   0x00000024   Code   RO         2008    i.TIM_TI2_ConfigInputStage  stm32f4xx_hal_tim.o
    0x08003d66   0x00000010   Code   RO          425    i.UART_DMAAbortOnError  stm32f4xx_hal_uart.o
    0x08003d76   0x0000004a   Code   RO          426    i.UART_DMAError     stm32f4xx_hal_uart.o
    0x08003dc0   0x0000003c   Code   RO          427    i.UART_DMAReceiveCplt  stm32f4xx_hal_uart.o
    0x08003dfc   0x0000000a   Code   RO          429    i.UART_DMARxHalfCplt  stm32f4xx_hal_uart.o
    0x08003e06   0x0000001c   Code   RO          435    i.UART_EndRxTransfer  stm32f4xx_hal_uart.o
    0x08003e22   0x00000012   Code   RO          436    i.UART_EndTxTransfer  stm32f4xx_hal_uart.o
    0x08003e34   0x0000008c   Code   RO          437    i.UART_Receive_IT   stm32f4xx_hal_uart.o
    0x08003ec0   0x000002ac   Code   RO          438    i.UART_SetConfig    stm32f4xx_hal_uart.o
    0x0800416c   0x00000062   Code   RO          439    i.UART_Transmit_IT  stm32f4xx_hal_uart.o
    0x080041ce   0x00000002   PAD
    0x080041d0   0x0000000c   Code   RO         3453    i.USART1_IRQHandler  stm32f4xx_it.o
    0x080041dc   0x0000000c   Code   RO         3454    i.USART2_IRQHandler  stm32f4xx_it.o
    0x080041e8   0x0000000c   Code   RO         3455    i.USART3_IRQHandler  stm32f4xx_it.o
    0x080041f4   0x0000000c   Code   RO         3456    i.USART6_IRQHandler  stm32f4xx_it.o
    0x08004200   0x00000002   Code   RO         3457    i.UsageFault_Handler  stm32f4xx_it.o
    0x08004202   0x00000002   PAD
    0x08004204   0x00000058   Code   RO         2944    i.WorkStateFSM      controltask.o
    0x0800425c   0x00000002   Code   RO         3316    i._Error_Handler    main.o
    0x0800425e   0x0000000e   Code   RO         4085    i.__scatterload_copy  mc_w.l(handlers.o)
    0x0800426c   0x00000002   Code   RO         4086    i.__scatterload_null  mc_w.l(handlers.o)
    0x0800426e   0x0000000e   Code   RO         4087    i.__scatterload_zeroinit  mc_w.l(handlers.o)
    0x0800427c   0x00000028   Code   RO         2945    i.controlLoop       controltask.o
    0x080042a4   0x00000124   Code   RO         3034    i.fw_PID_Calc       pid_regulator.o
    0x080043c8   0x00000002   Code   RO         3035    i.fw_PID_Reset      pid_regulator.o
    0x080043ca   0x00000002   PAD
    0x080043cc   0x000000d8   Code   RO         3317    i.main              main.o
    0x080044a4   0x00000030   Code   RO         3203    i.plateMotorInit    platemotor.o
    0x080044d4   0x000000b8   Code   RO         2946    i.setCMMotor        controltask.o
    0x0800458c   0x000000d4   Code   RO         2947    i.setGMMotor        controltask.o
    0x08004660   0x00000044   Code   RO         3205    i.setPlateMotorDir  platemotor.o
    0x080046a4   0x00000008   Data   RO         2618    .constdata          stm32f4xx_hal_dma.o
    0x080046ac   0x00000010   Data   RO         3279    .constdata          system_stm32f4xx.o
    0x080046bc   0x00000008   Data   RO         3280    .constdata          system_stm32f4xx.o
    0x080046c4   0x00000020   Data   RO         4083    Region$$Table       anon$$obj.o


    Execution Region RW_IRAM1 (Base: 0x20000000, Size: 0x00000bb0, Max: 0x00030000, ABSOLUTE, COMPRESSED[0x000000a8])

    Base Addr    Size         Type   Attr      Idx    E Section Name        Object

    0x20000000   0x00000004   Data   RW          855    .data               stm32f4xx_hal.o
    0x20000004   0x00000012   Data   RW         2834    .data               cantask.o
    0x20000016   0x00000001   Data   RW         2837    .data               cantask.o
    0x20000017   0x00000001   PAD
    0x20000018   0x0000006c   Data   RW         2948    .data               controltask.o
    0x20000084   0x0000004c   Data   RW         2949    .data               controltask.o
    0x200000d0   0x0000004c   Data   RW         2950    .data               controltask.o
    0x2000011c   0x0000004c   Data   RW         2951    .data               controltask.o
    0x20000168   0x0000004c   Data   RW         2952    .data               controltask.o
    0x200001b4   0x0000001e   Data   RW         3087    .data               remotetask.o
    0x200001d2   0x00000001   Data   RW         3088    .data               remotetask.o
    0x200001d3   0x00000001   Data   RW         3089    .data               remotetask.o
    0x200001d4   0x00000034   Data   RW         3153    .data               shoottask.o
    0x20000208   0x00000024   Data   RW         3154    .data               shoottask.o
    0x2000022c   0x00000024   Data   RW         3155    .data               shoottask.o
    0x20000250   0x00000070   Data   RW         3207    .data               platemotor.o
    0x200002c0   0x00000004   Data   RW         3281    .data               system_stm32f4xx.o
    0x200002c4   0x00000024   Zero   RW         2832    .bss                cantask.o
    0x200002e8   0x0000003f   Zero   RW         3086    .bss                remotetask.o
    0x20000327   0x00000001   PAD
    0x20000328   0x00000280   Zero   RW         3381    .bss                usart.o
    0x200005a8   0x00000168   Zero   RW         3654    .bss                tim.o
    0x20000710   0x00000044   Zero   RW         3736    .bss                can.o
    0x20000754   0x00000058   Zero   RW         3778    .bss                spi.o
    0x200007ac   0x00000004   PAD
    0x200007b0   0x00000400   Zero   RW         3814    STACK               startup_stm32f427xx.o


==============================================================================

Image component sizes


      Code (inc. data)   RO Data    RW Data    ZI Data      Debug   Object Name

       192         36          0          0         68       1513   can.o
       276         86          0         19         36       9473   cantask.o
      1108        234          0        412          0       7497   controltask.o
       108          4          0          0          0        770   dma.o
       308         24          0          0          0       1059   gpio.o
       378         20          0          0          0       2217   main.o
       526         26          0          0          0       3296   pid_regulator.o
       116         16          0        112          0       2195   platemotor.o
      1036        140          0         32         63       7646   remotetask.o
       512         40          0        124          0       3199   shoottask.o
       168         38          0          0         88       1501   spi.o
        36          8        428          0       1024        784   startup_stm32f427xx.o
       120         22          0          4          0       3631   stm32f4xx_hal.o
      1908         20          0          0          0       6266   stm32f4xx_hal_can.o
       250         14          0          0          0      32183   stm32f4xx_hal_cortex.o
      1090         16          8          0          0       6370   stm32f4xx_hal_dma.o
       494         58          0          0          0       2735   stm32f4xx_hal_gpio.o
        88          0          0          0          0        502   stm32f4xx_hal_msp.o
      1232         82          0          0          0       5208   stm32f4xx_hal_rcc.o
         0          0          0          0          0     737060   stm32f4xx_hal_rcc_ex.o
       128          0          0          0          0       1139   stm32f4xx_hal_spi.o
      1892         88          0          0          0      16211   stm32f4xx_hal_tim.o
        84          0          0          0          0       2274   stm32f4xx_hal_tim_ex.o
      1724         28          0          0          0      10450   stm32f4xx_hal_uart.o
       192         78          0          0          0      10135   stm32f4xx_it.o
        84         18         24          4          0       1095   system_stm32f4xx.o
      1236        218          0          0        360       5971   tim.o
       956        168          0          0        640       3825   usart.o

    ----------------------------------------------------------------------
     16272       1482        492        708       2284     886205   Object Totals
         0          0         32          0          0          0   (incl. Generated)
        30          0          0          1          5          0   (incl. Padding)

    ----------------------------------------------------------------------

      Code (inc. data)   RO Data    RW Data    ZI Data      Debug   Library Member Name

       288          4          0          0          0       1785   pid_regulator.o
       112          6          0          0          0       5660   ramp.o
        86          0          0          0          0          0   __dczerorl2.o
         0          0          0          0          0          0   entry.o
         0          0          0          0          0          0   entry10a.o
         0          0          0          0          0          0   entry11a.o
         8          4          0          0          0          0   entry2.o
         4          0          0          0          0          0   entry5.o
         0          0          0          0          0          0   entry7b.o
         0          0          0          0          0          0   entry8b.o
         8          4          0          0          0          0   entry9a.o
        30          0          0          0          0          0   handlers.o
        36          8          0          0          0         68   init.o
         0          0          0          0          0          0   iusefp.o
        30          0          0          0          0         68   llshl.o
        32          0          0          0          0         68   llushr.o
        36          0          0          0          0         68   memcpya.o
        98          0          0          0          0         92   uldiv.o
        56          0          0          0          0         88   d2f.o
       186          0          0          0          0        176   depilogue.o
        34          0          0          0          0         76   dflti.o
       228          0          0          0          0         96   dmul.o
       110          0          0          0          0        168   fepilogue.o

    ----------------------------------------------------------------------
      1384         26          0          0          0       8413   Library Totals
         2          0          0          0          0          0   (incl. Padding)

    ----------------------------------------------------------------------

      Code (inc. data)   RO Data    RW Data    ZI Data      Debug   Library Name

       400         10          0          0          0       7445   RMLib.lib
       368         16          0          0          0        364   mc_w.l
       614          0          0          0          0        604   mf_w.l

    ----------------------------------------------------------------------
      1384         26          0          0          0       8413   Library Totals

    ----------------------------------------------------------------------

==============================================================================


      Code (inc. data)   RO Data    RW Data    ZI Data      Debug   

     17656       1508        492        708       2284     879386   Grand Totals
     17656       1508        492        168       2284     879386   ELF Image Totals (compressed)
     17656       1508        492        168          0          0   ROM Totals

==============================================================================

    Total RO  Size (Code + RO Data)                18148 (  17.72kB)
    Total RW  Size (RW Data + ZI Data)              2992 (   2.92kB)
    Total ROM Size (Code + RO Data + RW Data)      18316 (  17.89kB)

==============================================================================

