<html>
<body>
<pre>
<h1>µVision Build Log</h1>
<h2>Tool Versions:</h2>
IDE-Version: ¦ÌVision V5.14.2
Copyright (C) 2015 ARM Ltd and ARM Germany GmbH. All rights reserved.
License Information: Cortex-M4, a, LIC=----
 
Tool Versions:
Toolchain:       MDK-Lite  Version: 5.14.0.0
Toolchain Path:  E:\Program Files\Keil_v5\ARM\ARMCC\Bin
C Compiler:      Armcc.exe V5.05 update 1 (build 106)
Assembler:       Armasm.exe V5.05 update 1 (build 106)
Linker/Locator:  ArmLink.exe V5.05 update 1 (build 106)
Library Manager: ArmAr.exe V5.05 update 1 (build 106)
Hex Converter:   FromElf.exe V5.05 update 1 (build 106)
CPU DLL:         SARMCM3.DLL V5.14.0.0
Dialog DLL:      DCM.DLL V1.13.1.0
Target DLL:      STLink\ST-LINKIII-KEIL_SWO.dll V2.0.14.0_KEIL
Dialog DLL:      TCM.DLL V1.14.4.0
 
<h2>Project:</h2>
E:\GitHub\Drone\MDK-ARM\NT_Infantry.uvprojx
Project File Date:  04/21/2018

<h2>Output:</h2>
*** Using Compiler 'V5.05 update 1 (build 106)', folder: 'E:\Program Files\Keil_v5\ARM\ARMCC\Bin'
Build target 'NT_Infantry'
compiling CANTask.c...
..\Tasks\Inc\RemoteTask.h(148): warning:  #1295-D: Deprecated declaration InitRemoteControl - give arg types
  void InitRemoteControl();
..\Tasks\Inc\RemoteTask.h(149): warning:  #1295-D: Deprecated declaration RemoteTaskInit - give arg types
  void RemoteTaskInit();
..\Tasks\Inc\IMUTask.h(146): warning:  #1295-D: Deprecated declaration IMURefresh - give arg types
  void IMURefresh();
..\Tasks\Inc\CANTask.h(60): warning:  #1295-D: Deprecated declaration InitCanReception - give arg types
  void InitCanReception();
..\Tasks\Inc\PlateMotor.h(22): warning:  #1295-D: Deprecated declaration PlateMotorTask - give arg types
  void PlateMotorTask();
..\Tasks\Inc\ManifoldTask.h(15): warning:  #1295-D: Deprecated declaration manifoldUartRxCpltCallback - give arg types
  void manifoldUartRxCpltCallback();
..\Tasks\Inc\ManifoldTask.h(16): warning:  #1295-D: Deprecated declaration InitManifoldUart - give arg types
  void InitManifoldUart();
..\Tasks\Src\CANTask.c: 7 warnings, 0 errors
compiling ControlTask.c...
..\Tasks\Inc\RemoteTask.h(148): warning:  #1295-D: Deprecated declaration InitRemoteControl - give arg types
  void InitRemoteControl();
..\Tasks\Inc\RemoteTask.h(149): warning:  #1295-D: Deprecated declaration RemoteTaskInit - give arg types
  void RemoteTaskInit();
..\Tasks\Inc\IMUTask.h(146): warning:  #1295-D: Deprecated declaration IMURefresh - give arg types
  void IMURefresh();
..\Tasks\Inc\CANTask.h(60): warning:  #1295-D: Deprecated declaration InitCanReception - give arg types
  void InitCanReception();
..\Tasks\Inc\PlateMotor.h(22): warning:  #1295-D: Deprecated declaration PlateMotorTask - give arg types
  void PlateMotorTask();
..\Tasks\Inc\ManifoldTask.h(15): warning:  #1295-D: Deprecated declaration manifoldUartRxCpltCallback - give arg types
  void manifoldUartRxCpltCallback();
..\Tasks\Inc\ManifoldTask.h(16): warning:  #1295-D: Deprecated declaration InitManifoldUart - give arg types
  void InitManifoldUart();
..\Tasks\Src\ControlTask.c: 7 warnings, 0 errors
compiling IMUTask.c...
..\Tasks\Inc\RemoteTask.h(148): warning:  #1295-D: Deprecated declaration InitRemoteControl - give arg types
  void InitRemoteControl();
..\Tasks\Inc\RemoteTask.h(149): warning:  #1295-D: Deprecated declaration RemoteTaskInit - give arg types
  void RemoteTaskInit();
..\Tasks\Inc\IMUTask.h(146): warning:  #1295-D: Deprecated declaration IMURefresh - give arg types
  void IMURefresh();
..\Tasks\Inc\CANTask.h(60): warning:  #1295-D: Deprecated declaration InitCanReception - give arg types
  void InitCanReception();
..\Tasks\Inc\PlateMotor.h(22): warning:  #1295-D: Deprecated declaration PlateMotorTask - give arg types
  void PlateMotorTask();
..\Tasks\Inc\ManifoldTask.h(15): warning:  #1295-D: Deprecated declaration manifoldUartRxCpltCallback - give arg types
  void manifoldUartRxCpltCallback();
..\Tasks\Inc\ManifoldTask.h(16): warning:  #1295-D: Deprecated declaration InitManifoldUart - give arg types
  void InitManifoldUart();
..\Tasks\Src\IMUTask.c(117): warning:  #1-D: last line of file ends without a newline
  }
..\Tasks\Src\IMUTask.c: 8 warnings, 0 errors
compiling pid_regulator.c...
..\Tasks\Inc\RemoteTask.h(148): warning:  #1295-D: Deprecated declaration InitRemoteControl - give arg types
  void InitRemoteControl();
..\Tasks\Inc\RemoteTask.h(149): warning:  #1295-D: Deprecated declaration RemoteTaskInit - give arg types
  void RemoteTaskInit();
..\Tasks\Inc\IMUTask.h(146): warning:  #1295-D: Deprecated declaration IMURefresh - give arg types
  void IMURefresh();
..\Tasks\Inc\CANTask.h(60): warning:  #1295-D: Deprecated declaration InitCanReception - give arg types
  void InitCanReception();
..\Tasks\Inc\PlateMotor.h(22): warning:  #1295-D: Deprecated declaration PlateMotorTask - give arg types
  void PlateMotorTask();
..\Tasks\Inc\ManifoldTask.h(15): warning:  #1295-D: Deprecated declaration manifoldUartRxCpltCallback - give arg types
  void manifoldUartRxCpltCallback();
..\Tasks\Inc\ManifoldTask.h(16): warning:  #1295-D: Deprecated declaration InitManifoldUart - give arg types
  void InitManifoldUart();
..\Tasks\Src\pid_regulator.c: 7 warnings, 0 errors
compiling RemoteTask.c...
..\Tasks\Inc\RemoteTask.h(148): warning:  #1295-D: Deprecated declaration InitRemoteControl - give arg types
  void InitRemoteControl();
..\Tasks\Inc\RemoteTask.h(149): warning:  #1295-D: Deprecated declaration RemoteTaskInit - give arg types
  void RemoteTaskInit();
..\Tasks\Inc\IMUTask.h(146): warning:  #1295-D: Deprecated declaration IMURefresh - give arg types
  void IMURefresh();
..\Tasks\Inc\CANTask.h(60): warning:  #1295-D: Deprecated declaration InitCanReception - give arg types
  void InitCanReception();
..\Tasks\Inc\PlateMotor.h(22): warning:  #1295-D: Deprecated declaration PlateMotorTask - give arg types
  void PlateMotorTask();
..\Tasks\Inc\ManifoldTask.h(15): warning:  #1295-D: Deprecated declaration manifoldUartRxCpltCallback - give arg types
  void manifoldUartRxCpltCallback();
..\Tasks\Inc\ManifoldTask.h(16): warning:  #1295-D: Deprecated declaration InitManifoldUart - give arg types
  void InitManifoldUart();
..\Tasks\Src\RemoteTask.c: 7 warnings, 0 errors
compiling ShootTask.c...
..\Tasks\Inc\RemoteTask.h(148): warning:  #1295-D: Deprecated declaration InitRemoteControl - give arg types
  void InitRemoteControl();
..\Tasks\Inc\RemoteTask.h(149): warning:  #1295-D: Deprecated declaration RemoteTaskInit - give arg types
  void RemoteTaskInit();
..\Tasks\Inc\IMUTask.h(146): warning:  #1295-D: Deprecated declaration IMURefresh - give arg types
  void IMURefresh();
..\Tasks\Inc\CANTask.h(60): warning:  #1295-D: Deprecated declaration InitCanReception - give arg types
  void InitCanReception();
..\Tasks\Inc\PlateMotor.h(22): warning:  #1295-D: Deprecated declaration PlateMotorTask - give arg types
  void PlateMotorTask();
..\Tasks\Inc\ManifoldTask.h(15): warning:  #1295-D: Deprecated declaration manifoldUartRxCpltCallback - give arg types
  void manifoldUartRxCpltCallback();
..\Tasks\Inc\ManifoldTask.h(16): warning:  #1295-D: Deprecated declaration InitManifoldUart - give arg types
  void InitManifoldUart();
..\Tasks\Src\ShootTask.c: 7 warnings, 0 errors
compiling JudgeTask.c...
..\Tasks\Inc\RemoteTask.h(148): warning:  #1295-D: Deprecated declaration InitRemoteControl - give arg types
  void InitRemoteControl();
..\Tasks\Inc\RemoteTask.h(149): warning:  #1295-D: Deprecated declaration RemoteTaskInit - give arg types
  void RemoteTaskInit();
..\Tasks\Inc\IMUTask.h(146): warning:  #1295-D: Deprecated declaration IMURefresh - give arg types
  void IMURefresh();
..\Tasks\Inc\CANTask.h(60): warning:  #1295-D: Deprecated declaration InitCanReception - give arg types
  void InitCanReception();
..\Tasks\Inc\PlateMotor.h(22): warning:  #1295-D: Deprecated declaration PlateMotorTask - give arg types
  void PlateMotorTask();
..\Tasks\Inc\ManifoldTask.h(15): warning:  #1295-D: Deprecated declaration manifoldUartRxCpltCallback - give arg types
  void manifoldUartRxCpltCallback();
..\Tasks\Inc\ManifoldTask.h(16): warning:  #1295-D: Deprecated declaration InitManifoldUart - give arg types
  void InitManifoldUart();
..\Tasks\Src\JudgeTask.c: 7 warnings, 0 errors
compiling ManifoldTask.c...
..\Tasks\Inc\RemoteTask.h(148): warning:  #1295-D: Deprecated declaration InitRemoteControl - give arg types
  void InitRemoteControl();
..\Tasks\Inc\RemoteTask.h(149): warning:  #1295-D: Deprecated declaration RemoteTaskInit - give arg types
  void RemoteTaskInit();
..\Tasks\Inc\IMUTask.h(146): warning:  #1295-D: Deprecated declaration IMURefresh - give arg types
  void IMURefresh();
..\Tasks\Inc\CANTask.h(60): warning:  #1295-D: Deprecated declaration InitCanReception - give arg types
  void InitCanReception();
..\Tasks\Inc\PlateMotor.h(22): warning:  #1295-D: Deprecated declaration PlateMotorTask - give arg types
  void PlateMotorTask();
..\Tasks\Inc\ManifoldTask.h(15): warning:  #1295-D: Deprecated declaration manifoldUartRxCpltCallback - give arg types
  void manifoldUartRxCpltCallback();
..\Tasks\Inc\ManifoldTask.h(16): warning:  #1295-D: Deprecated declaration InitManifoldUart - give arg types
  void InitManifoldUart();
..\Tasks\Src\ManifoldTask.c(88): warning:  #1-D: last line of file ends without a newline
  }
..\Tasks\Src\ManifoldTask.c: 8 warnings, 0 errors
compiling UpperTask.c...
..\Tasks\Inc\RemoteTask.h(148): warning:  #1295-D: Deprecated declaration InitRemoteControl - give arg types
  void InitRemoteControl();
..\Tasks\Inc\RemoteTask.h(149): warning:  #1295-D: Deprecated declaration RemoteTaskInit - give arg types
  void RemoteTaskInit();
..\Tasks\Inc\IMUTask.h(146): warning:  #1295-D: Deprecated declaration IMURefresh - give arg types
  void IMURefresh();
..\Tasks\Inc\CANTask.h(60): warning:  #1295-D: Deprecated declaration InitCanReception - give arg types
  void InitCanReception();
..\Tasks\Inc\PlateMotor.h(22): warning:  #1295-D: Deprecated declaration PlateMotorTask - give arg types
  void PlateMotorTask();
..\Tasks\Inc\ManifoldTask.h(15): warning:  #1295-D: Deprecated declaration manifoldUartRxCpltCallback - give arg types
  void manifoldUartRxCpltCallback();
..\Tasks\Inc\ManifoldTask.h(16): warning:  #1295-D: Deprecated declaration InitManifoldUart - give arg types
  void InitManifoldUart();
..\Tasks\Src\UpperTask.c(227): warning:  #1-D: last line of file ends without a newline
  #endif
..\Tasks\Src\UpperTask.c: 8 warnings, 0 errors
compiling PlateMotor.c...
..\Tasks\Inc\RemoteTask.h(148): warning:  #1295-D: Deprecated declaration InitRemoteControl - give arg types
  void InitRemoteControl();
..\Tasks\Inc\RemoteTask.h(149): warning:  #1295-D: Deprecated declaration RemoteTaskInit - give arg types
  void RemoteTaskInit();
..\Tasks\Inc\IMUTask.h(146): warning:  #1295-D: Deprecated declaration IMURefresh - give arg types
  void IMURefresh();
..\Tasks\Inc\CANTask.h(60): warning:  #1295-D: Deprecated declaration InitCanReception - give arg types
  void InitCanReception();
..\Tasks\Inc\PlateMotor.h(22): warning:  #1295-D: Deprecated declaration PlateMotorTask - give arg types
  void PlateMotorTask();
..\Tasks\Inc\ManifoldTask.h(15): warning:  #1295-D: Deprecated declaration manifoldUartRxCpltCallback - give arg types
  void manifoldUartRxCpltCallback();
..\Tasks\Inc\ManifoldTask.h(16): warning:  #1295-D: Deprecated declaration InitManifoldUart - give arg types
  void InitManifoldUart();
..\Tasks\Src\PlateMotor.c(203): warning:  #1-D: last line of file ends without a newline
  }
..\Tasks\Src\PlateMotor.c: 8 warnings, 0 errors
compiling main.c...
..\Tasks\Inc\RemoteTask.h(148): warning:  #1295-D: Deprecated declaration InitRemoteControl - give arg types
  void InitRemoteControl();
..\Tasks\Inc\RemoteTask.h(149): warning:  #1295-D: Deprecated declaration RemoteTaskInit - give arg types
  void RemoteTaskInit();
..\Tasks\Inc\IMUTask.h(146): warning:  #1295-D: Deprecated declaration IMURefresh - give arg types
  void IMURefresh();
..\Tasks\Inc\CANTask.h(60): warning:  #1295-D: Deprecated declaration InitCanReception - give arg types
  void InitCanReception();
..\Tasks\Inc\PlateMotor.h(22): warning:  #1295-D: Deprecated declaration PlateMotorTask - give arg types
  void PlateMotorTask();
..\Tasks\Inc\ManifoldTask.h(15): warning:  #1295-D: Deprecated declaration manifoldUartRxCpltCallback - give arg types
  void manifoldUartRxCpltCallback();
..\Tasks\Inc\ManifoldTask.h(16): warning:  #1295-D: Deprecated declaration InitManifoldUart - give arg types
  void InitManifoldUart();
../Src/main.c: 7 warnings, 0 errors
linking...
Program Size: Code=19736 RO-data=1280 RW-data=912 ZI-data=2384  
"NT_Infantry\NT_Infantry.axf" - 0 Error(s), 81 Warning(s).

<h2>Software Packages used:</h2>

Package Vendor: ARM
                http://www.keil.com/pack/ARM.CMSIS.4.2.0.pack
                ARM::CMSIS:CORE:3.40.0
                CMSIS (Cortex Microcontroller Software Interface Standard)
   * Component: CORE Version: 3.40.0

<h2>Collection of Component include folders:</h2>
  E:\GitHub\Drone\MDK-ARM\RTE
  E:\Program Files\Keil_v5\ARM\PACK\ARM\CMSIS\4.2.0\CMSIS\Include
  E:\Program Files\Keil_v5\ARM\PACK\Keil\STM32F4xx_DFP\2.11.0\Drivers\CMSIS\Device\ST\STM32F4xx\Include

<h2>Collection of Component Files used:</h2>

   * Component: ARM::CMSIS:CORE:3.40.0
      Source file:   CMSIS\UserCodeTemplates\ARM\ITM_Retarget.c
</pre>
</body>
</html>
